[    0.000000] microcode: microcode updated early to revision 0xea, date = 2021-01-05
[    0.000000] Linux version 5.4.0-113-generic (buildd@lcy02-amd64-067) (gcc version 9.4.0 (Ubuntu 9.4.0-1ubuntu1~20.04.1)) #127-Ubuntu SMP Wed May 18 14:30:56 UTC 2022 (Ubuntu 5.4.0-113.127-generic 5.4.181)
[    0.000000] Command line: BOOT_IMAGE=/boot/vmlinuz-5.4.0-113-generic root=UUID=55f5e308-d07e-44b8-a2a9-36f989c5520b ro quiet splash
[    0.000000] KERNEL supported cpus:
[    0.000000]   Intel GenuineIntel
[    0.000000]   AMD AuthenticAMD
[    0.000000]   Hygon HygonGenuine
[    0.000000]   Centaur CentaurHauls
[    0.000000]   zhaoxin   Shanghai  
[    0.000000] x86/fpu: Supporting XSAVE feature 0x001: 'x87 floating point registers'
[    0.000000] x86/fpu: Supporting XSAVE feature 0x002: 'SSE registers'
[    0.000000] x86/fpu: Supporting XSAVE feature 0x004: 'AVX registers'
[    0.000000] x86/fpu: Supporting XSAVE feature 0x008: 'MPX bounds registers'
[    0.000000] x86/fpu: Supporting XSAVE feature 0x010: 'MPX CSR'
[    0.000000] x86/fpu: xstate_offset[2]:  576, xstate_sizes[2]:  256
[    0.000000] x86/fpu: xstate_offset[3]:  832, xstate_sizes[3]:   64
[    0.000000] x86/fpu: xstate_offset[4]:  896, xstate_sizes[4]:   64
[    0.000000] x86/fpu: Enabled xstate features 0x1f, context size is 960 bytes, using 'compacted' format.
[    0.000000] BIOS-provided physical RAM map:
[    0.000000] BIOS-e820: [mem 0x0000000000000000-0x000000000009c3ff] usable
[    0.000000] BIOS-e820: [mem 0x000000000009c400-0x000000000009ffff] reserved
[    0.000000] BIOS-e820: [mem 0x00000000000e0000-0x00000000000fffff] reserved
[    0.000000] BIOS-e820: [mem 0x0000000000100000-0x00000000bb27cfff] usable
[    0.000000] BIOS-e820: [mem 0x00000000bb27d000-0x00000000bb27dfff] ACPI NVS
[    0.000000] BIOS-e820: [mem 0x00000000bb27e000-0x00000000ca5f9fff] reserved
[    0.000000] BIOS-e820: [mem 0x00000000ca5fa000-0x00000000ca63bfff] ACPI data
[    0.000000] BIOS-e820: [mem 0x00000000ca63c000-0x00000000caf5ffff] ACPI NVS
[    0.000000] BIOS-e820: [mem 0x00000000caf60000-0x00000000cf7fffff] reserved
[    0.000000] BIOS-e820: [mem 0x00000000f0000000-0x00000000f7ffffff] reserved
[    0.000000] BIOS-e820: [mem 0x00000000fe000000-0x00000000fe010fff] reserved
[    0.000000] BIOS-e820: [mem 0x00000000fec00000-0x00000000fec00fff] reserved
[    0.000000] BIOS-e820: [mem 0x00000000fee00000-0x00000000fee00fff] reserved
[    0.000000] BIOS-e820: [mem 0x00000000ff000000-0x00000000ffffffff] reserved
[    0.000000] BIOS-e820: [mem 0x0000000100000000-0x000000022e7fffff] usable
[    0.000000] NX (Execute Disable) protection: active
[    0.000000] SMBIOS 3.0.0 present.
[    0.000000] DMI: Dell Inc. Latitude 5580/0CMYFT, BIOS 1.6.4 09/12/2017
[    0.000000] tsc: Detected 2700.000 MHz processor
[    0.002357] tsc: Detected 2699.909 MHz TSC
[    0.002357] e820: update [mem 0x00000000-0x00000fff] usable ==> reserved
[    0.002359] e820: remove [mem 0x000a0000-0x000fffff] usable
[    0.002364] last_pfn = 0x22e800 max_arch_pfn = 0x400000000
[    0.002368] MTRR default type: write-back
[    0.002369] MTRR fixed ranges enabled:
[    0.002370]   00000-9FFFF write-back
[    0.002371]   A0000-BFFFF uncachable
[    0.002372]   C0000-FFFFF write-protect
[    0.002373] MTRR variable ranges enabled:
[    0.002374]   0 base 00E0000000 mask 7FE0000000 uncachable
[    0.002375]   1 base 00D0000000 mask 7FF0000000 uncachable
[    0.002376]   2 base 00CE000000 mask 7FFE000000 uncachable
[    0.002377]   3 base 00CD000000 mask 7FFF000000 uncachable
[    0.002377]   4 disabled
[    0.002378]   5 disabled
[    0.002378]   6 disabled
[    0.002379]   7 disabled
[    0.002379]   8 disabled
[    0.002380]   9 disabled
[    0.002746] x86/PAT: Configuration [0-7]: WB  WC  UC- UC  WB  WP  UC- WT  
[    0.002890] last_pfn = 0xbb27d max_arch_pfn = 0x400000000
[    0.011534] found SMP MP-table at [mem 0x000fcdd0-0x000fcddf]
[    0.011801] check: Scanning 1 areas for low memory corruption
[    0.011805] Using GB pages for direct mapping
[    0.012042] RAMDISK: [mem 0x2d7f9000-0x32bf3fff]
[    0.012049] ACPI: Early table checksum verification disabled
[    0.012052] ACPI: RSDP 0x00000000000ED620 000024 (v02 DELL  )
[    0.012055] ACPI: XSDT 0x00000000CA6080B8 0000F4 (v01 DELL   CBX3     01072009 AMI  00010013)
[    0.012061] ACPI: FACP 0x00000000CA62E600 00010C (v05 DELL   CBX3     01072009 AMI  00010013)
[    0.012067] ACPI: DSDT 0x00000000CA608240 0263C0 (v02 DELL   CBX3     01072009 INTL 20160422)
[    0.012070] ACPI: FACS 0x00000000CAF5DE80 000040
[    0.012072] ACPI: APIC 0x00000000CA62E710 000084 (v03 DELL   CBX3     01072009 AMI  00010013)
[    0.012075] ACPI: FPDT 0x00000000CA62E798 000044 (v01 DELL   CBX3     01072009 AMI  00010013)
[    0.012077] ACPI: FIDT 0x00000000CA62E7E0 0000AC (v01 DELL   CBX3     01072009 AMI  00010013)
[    0.012080] ACPI: MCFG 0x00000000CA62E890 00003C (v01 DELL   CBX3     01072009 MSFT 00000097)
[    0.012082] ACPI: HPET 0x00000000CA62E8D0 000038 (v01 DELL   CBX3     01072009 AMI. 0005000B)
[    0.012085] ACPI: SSDT 0x00000000CA62E908 000559 (v01 SataRe SataTabl 00001000 INTL 20160422)
[    0.012088] ACPI: SSDT 0x00000000CA62EE68 0012FE (v02 SaSsdt SaSsdt   00003000 INTL 20160422)
[    0.012091] ACPI: HPET 0x00000000CA630168 000038 (v01 INTEL  KBL-ULT  00000001 MSFT 0000005F)
[    0.012093] ACPI: SSDT 0x00000000CA6301A0 0007D1 (v02 INTEL  xh_OEMBD 00000000 INTL 20160422)
[    0.012096] ACPI: UEFI 0x00000000CA630978 000042 (v01                 00000000      00000000)
[    0.012099] ACPI: SSDT 0x00000000CA6309C0 000EDE (v02 CpuRef CpuSsdt  00003000 INTL 20160422)
[    0.012102] ACPI: LPIT 0x00000000CA6318A0 000094 (v01 INTEL  KBL-ULT  00000000 MSFT 0000005F)
[    0.012104] ACPI: WSMT 0x00000000CA631938 000028 (v01 DELL   CBX3     00000000 MSFT 0000005F)
[    0.012107] ACPI: SSDT 0x00000000CA631960 000141 (v02 INTEL  HdaDsp   00000000 INTL 20160422)
[    0.012110] ACPI: SSDT 0x00000000CA631AA8 00029F (v02 INTEL  sensrhub 00000000 INTL 20160422)
[    0.012112] ACPI: SSDT 0x00000000CA631D48 003002 (v02 INTEL  PtidDevc 00001000 INTL 20160422)
[    0.012115] ACPI: SSDT 0x00000000CA634D50 000517 (v02 INTEL  TbtTypeC 00000000 INTL 20160422)
[    0.012118] ACPI: DBGP 0x00000000CA635268 000034 (v01 INTEL           00000002 MSFT 0000005F)
[    0.012120] ACPI: DBG2 0x00000000CA6352A0 000054 (v00 INTEL           00000002 MSFT 0000005F)
[    0.012123] ACPI: SSDT 0x00000000CA6352F8 005265 (v02 DptfTa DptfTabl 00001000 INTL 20160422)
[    0.012126] ACPI: MSDM 0x00000000CA63A560 000055 (v03 DELL   CBX3     06222004 AMI  00010013)
[    0.012128] ACPI: SLIC 0x00000000CA63A5B8 000176 (v03 DELL   CBX3     01072009 MSFT 00010013)
[    0.012131] ACPI: DMAR 0x00000000CA63A730 0000F0 (v01 INTEL  KBL      00000001 INTL 00000001)
[    0.012134] ACPI: TPM2 0x00000000CA63A820 000034 (v03        Tpm2Tabl 00000001 AMI  00000000)
[    0.012136] ACPI: ASF! 0x00000000CA63A858 0000A0 (v32 INTEL   HCG     00000001 TFSM 000F4240)
[    0.012139] ACPI: Reserving FACP table memory at [mem 0xca62e600-0xca62e70b]
[    0.012140] ACPI: Reserving DSDT table memory at [mem 0xca608240-0xca62e5ff]
[    0.012141] ACPI: Reserving FACS table memory at [mem 0xcaf5de80-0xcaf5debf]
[    0.012142] ACPI: Reserving APIC table memory at [mem 0xca62e710-0xca62e793]
[    0.012142] ACPI: Reserving FPDT table memory at [mem 0xca62e798-0xca62e7db]
[    0.012143] ACPI: Reserving FIDT table memory at [mem 0xca62e7e0-0xca62e88b]
[    0.012144] ACPI: Reserving MCFG table memory at [mem 0xca62e890-0xca62e8cb]
[    0.012145] ACPI: Reserving HPET table memory at [mem 0xca62e8d0-0xca62e907]
[    0.012145] ACPI: Reserving SSDT table memory at [mem 0xca62e908-0xca62ee60]
[    0.012146] ACPI: Reserving SSDT table memory at [mem 0xca62ee68-0xca630165]
[    0.012147] ACPI: Reserving HPET table memory at [mem 0xca630168-0xca63019f]
[    0.012148] ACPI: Reserving SSDT table memory at [mem 0xca6301a0-0xca630970]
[    0.012148] ACPI: Reserving UEFI table memory at [mem 0xca630978-0xca6309b9]
[    0.012149] ACPI: Reserving SSDT table memory at [mem 0xca6309c0-0xca63189d]
[    0.012150] ACPI: Reserving LPIT table memory at [mem 0xca6318a0-0xca631933]
[    0.012151] ACPI: Reserving WSMT table memory at [mem 0xca631938-0xca63195f]
[    0.012151] ACPI: Reserving SSDT table memory at [mem 0xca631960-0xca631aa0]
[    0.012152] ACPI: Reserving SSDT table memory at [mem 0xca631aa8-0xca631d46]
[    0.012153] ACPI: Reserving SSDT table memory at [mem 0xca631d48-0xca634d49]
[    0.012154] ACPI: Reserving SSDT table memory at [mem 0xca634d50-0xca635266]
[    0.012154] ACPI: Reserving DBGP table memory at [mem 0xca635268-0xca63529b]
[    0.012155] ACPI: Reserving DBG2 table memory at [mem 0xca6352a0-0xca6352f3]
[    0.012156] ACPI: Reserving SSDT table memory at [mem 0xca6352f8-0xca63a55c]
[    0.012157] ACPI: Reserving MSDM table memory at [mem 0xca63a560-0xca63a5b4]
[    0.012158] ACPI: Reserving SLIC table memory at [mem 0xca63a5b8-0xca63a72d]
[    0.012158] ACPI: Reserving DMAR table memory at [mem 0xca63a730-0xca63a81f]
[    0.012159] ACPI: Reserving TPM2 table memory at [mem 0xca63a820-0xca63a853]
[    0.012160] ACPI: Reserving ASF! table memory at [mem 0xca63a858-0xca63a8f7]
[    0.012170] ACPI: Local APIC address 0xfee00000
[    0.012360] No NUMA configuration found
[    0.012361] Faking a node at [mem 0x0000000000000000-0x000000022e7fffff]
[    0.012371] NODE_DATA(0) allocated [mem 0x22e7d5000-0x22e7fffff]
[    0.012621] Zone ranges:
[    0.012622]   DMA      [mem 0x0000000000001000-0x0000000000ffffff]
[    0.012623]   DMA32    [mem 0x0000000001000000-0x00000000ffffffff]
[    0.012624]   Normal   [mem 0x0000000100000000-0x000000022e7fffff]
[    0.012625]   Device   empty
[    0.012626] Movable zone start for each node
[    0.012629] Early memory node ranges
[    0.012630]   node   0: [mem 0x0000000000001000-0x000000000009bfff]
[    0.012631]   node   0: [mem 0x0000000000100000-0x00000000bb27cfff]
[    0.012632]   node   0: [mem 0x0000000100000000-0x000000022e7fffff]
[    0.012828] Zeroed struct page in unavailable ranges: 26088 pages
[    0.012829] Initmem setup node 0 [mem 0x0000000000001000-0x000000022e7fffff]
[    0.012830] On node 0 totalpages: 2005528
[    0.012831]   DMA zone: 64 pages used for memmap
[    0.012832]   DMA zone: 21 pages reserved
[    0.012832]   DMA zone: 3995 pages, LIFO batch:0
[    0.012893]   DMA32 zone: 11914 pages used for memmap
[    0.012894]   DMA32 zone: 762493 pages, LIFO batch:63
[    0.023020]   Normal zone: 19360 pages used for memmap
[    0.023020]   Normal zone: 1239040 pages, LIFO batch:63
[    0.037001] Reserving Intel graphics memory at [mem 0xcd800000-0xcf7fffff]
[    0.037236] ACPI: PM-Timer IO Port: 0x1808
[    0.037238] ACPI: Local APIC address 0xfee00000
[    0.037244] ACPI: LAPIC_NMI (acpi_id[0x01] high edge lint[0x1])
[    0.037245] ACPI: LAPIC_NMI (acpi_id[0x02] high edge lint[0x1])
[    0.037245] ACPI: LAPIC_NMI (acpi_id[0x03] high edge lint[0x1])
[    0.037246] ACPI: LAPIC_NMI (acpi_id[0x04] high edge lint[0x1])
[    0.037273] IOAPIC[0]: apic_id 2, version 32, address 0xfec00000, GSI 0-119
[    0.037275] ACPI: INT_SRC_OVR (bus 0 bus_irq 0 global_irq 2 dfl dfl)
[    0.037276] ACPI: INT_SRC_OVR (bus 0 bus_irq 9 global_irq 9 high level)
[    0.037278] ACPI: IRQ0 used by override.
[    0.037279] ACPI: IRQ9 used by override.
[    0.037280] Using ACPI (MADT) for SMP configuration information
[    0.037282] ACPI: HPET id: 0x8086a701 base: 0xfed00000
[    0.037284] TSC deadline timer available
[    0.037286] smpboot: Allowing 4 CPUs, 0 hotplug CPUs
[    0.037302] PM: Registered nosave memory: [mem 0x00000000-0x00000fff]
[    0.037303] PM: Registered nosave memory: [mem 0x0009c000-0x0009cfff]
[    0.037304] PM: Registered nosave memory: [mem 0x0009d000-0x0009ffff]
[    0.037304] PM: Registered nosave memory: [mem 0x000a0000-0x000dffff]
[    0.037305] PM: Registered nosave memory: [mem 0x000e0000-0x000fffff]
[    0.037306] PM: Registered nosave memory: [mem 0xbb27d000-0xbb27dfff]
[    0.037307] PM: Registered nosave memory: [mem 0xbb27e000-0xca5f9fff]
[    0.037308] PM: Registered nosave memory: [mem 0xca5fa000-0xca63bfff]
[    0.037308] PM: Registered nosave memory: [mem 0xca63c000-0xcaf5ffff]
[    0.037309] PM: Registered nosave memory: [mem 0xcaf60000-0xcf7fffff]
[    0.037309] PM: Registered nosave memory: [mem 0xcf800000-0xefffffff]
[    0.037310] PM: Registered nosave memory: [mem 0xf0000000-0xf7ffffff]
[    0.037310] PM: Registered nosave memory: [mem 0xf8000000-0xfdffffff]
[    0.037311] PM: Registered nosave memory: [mem 0xfe000000-0xfe010fff]
[    0.037311] PM: Registered nosave memory: [mem 0xfe011000-0xfebfffff]
[    0.037312] PM: Registered nosave memory: [mem 0xfec00000-0xfec00fff]
[    0.037312] PM: Registered nosave memory: [mem 0xfec01000-0xfedfffff]
[    0.037313] PM: Registered nosave memory: [mem 0xfee00000-0xfee00fff]
[    0.037313] PM: Registered nosave memory: [mem 0xfee01000-0xfeffffff]
[    0.037314] PM: Registered nosave memory: [mem 0xff000000-0xffffffff]
[    0.037315] [mem 0xcf800000-0xefffffff] available for PCI devices
[    0.037316] Booting paravirtualized kernel on bare hardware
[    0.037319] clocksource: refined-jiffies: mask: 0xffffffff max_cycles: 0xffffffff, max_idle_ns: 7645519600211568 ns
[    0.037324] setup_percpu: NR_CPUS:8192 nr_cpumask_bits:4 nr_cpu_ids:4 nr_node_ids:1
[    0.037520] percpu: Embedded 60 pages/cpu s208896 r8192 d28672 u524288
[    0.037526] pcpu-alloc: s208896 r8192 d28672 u524288 alloc=1*2097152
[    0.037527] pcpu-alloc: [0] 0 1 2 3 
[    0.037553] Built 1 zonelists, mobility grouping on.  Total pages: 1974169
[    0.037554] Policy zone: Normal
[    0.037555] Kernel command line: BOOT_IMAGE=/boot/vmlinuz-5.4.0-113-generic root=UUID=55f5e308-d07e-44b8-a2a9-36f989c5520b ro quiet splash
[    0.038157] Dentry cache hash table entries: 1048576 (order: 11, 8388608 bytes, linear)
[    0.038441] Inode-cache hash table entries: 524288 (order: 10, 4194304 bytes, linear)
[    0.038495] mem auto-init: stack:off, heap alloc:on, heap free:off
[    0.042953] Calgary: detecting Calgary via BIOS EBDA area
[    0.042955] Calgary: Unable to locate Rio Grande table in EBDA - bailing!
[    0.068290] Memory: 7692744K/8022112K available (14339K kernel code, 2401K rwdata, 9504K rodata, 2752K init, 4948K bss, 329368K reserved, 0K cma-reserved)
[    0.068297] random: get_random_u64 called from kmem_cache_open+0x2d/0x410 with crng_init=0
[    0.068439] SLUB: HWalign=64, Order=0-3, MinObjects=0, CPUs=4, Nodes=1
[    0.068454] Kernel/User page tables isolation: enabled
[    0.068468] ftrace: allocating 44666 entries in 175 pages
[    0.087858] rcu: Hierarchical RCU implementation.
[    0.087859] rcu: 	RCU restricting CPUs from NR_CPUS=8192 to nr_cpu_ids=4.
[    0.087860] 	Tasks RCU enabled.
[    0.087861] rcu: RCU calculated value of scheduler-enlistment delay is 25 jiffies.
[    0.087862] rcu: Adjusting geometry for rcu_fanout_leaf=16, nr_cpu_ids=4
[    0.090991] NR_IRQS: 524544, nr_irqs: 1024, preallocated irqs: 16
[    0.091529] random: crng done (trusting CPU's manufacturer)
[    0.091554] Console: colour dummy device 80x25
[    0.091558] printk: console [tty0] enabled
[    0.091578] ACPI: Core revision 20190816
[    0.091804] hpet: HPET dysfunctional in PC10. Force disabled.
[    0.091805] APIC: Switch to symmetric I/O mode setup
[    0.091807] DMAR: Host address width 39
[    0.091808] DMAR: DRHD base: 0x000000fed90000 flags: 0x0
[    0.091814] DMAR: dmar0: reg_base_addr fed90000 ver 1:0 cap 1c0000c40660462 ecap 19e2ff0505e
[    0.091815] DMAR: DRHD base: 0x000000fed91000 flags: 0x1
[    0.091819] DMAR: dmar1: reg_base_addr fed91000 ver 1:0 cap d2008c40660462 ecap f050da
[    0.091820] DMAR: RMRR base: 0x000000ca34d000 end: 0x000000ca36cfff
[    0.091821] DMAR: RMRR base: 0x000000cd000000 end: 0x000000cf7fffff
[    0.091822] DMAR: ANDD device: 1 name: \_SB.PCI0.I2C0
[    0.091822] DMAR: ANDD device: 2 name: \_SB.PCI0.I2C1
[    0.091824] DMAR-IR: IOAPIC id 2 under DRHD base  0xfed91000 IOMMU 1
[    0.091825] DMAR-IR: HPET id 0 under DRHD base 0xfed91000
[    0.091826] DMAR-IR: Queued invalidation will be enabled to support x2apic and Intr-remapping.
[    0.093545] DMAR-IR: Enabled IRQ remapping in x2apic mode
[    0.093546] x2apic enabled
[    0.093558] Switched APIC routing to cluster x2apic.
[    0.097619] clocksource: tsc-early: mask: 0xffffffffffffffff max_cycles: 0x26eae8729ef, max_idle_ns: 440795235156 ns
[    0.097623] Calibrating delay loop (skipped), value calculated using timer frequency.. 5399.81 BogoMIPS (lpj=10799636)
[    0.097625] pid_max: default: 32768 minimum: 301
[    0.097663] LSM: Security Framework initializing
[    0.097673] Yama: becoming mindful.
[    0.097701] AppArmor: AppArmor initialized
[    0.097753] Mount-cache hash table entries: 16384 (order: 5, 131072 bytes, linear)
[    0.097771] Mountpoint-cache hash table entries: 16384 (order: 5, 131072 bytes, linear)
[    0.097786] *** VALIDATE tmpfs ***
[    0.097941] *** VALIDATE proc ***
[    0.097993] *** VALIDATE cgroup1 ***
[    0.097994] *** VALIDATE cgroup2 ***
[    0.098065] mce: CPU0: Thermal monitoring enabled (TM1)
[    0.098083] process: using mwait in idle threads
[    0.098085] Last level iTLB entries: 4KB 64, 2MB 8, 4MB 8
[    0.098086] Last level dTLB entries: 4KB 64, 2MB 0, 4MB 0, 1GB 4
[    0.098089] Spectre V1 : Mitigation: usercopy/swapgs barriers and __user pointer sanitization
[    0.098090] Spectre V2 : Mitigation: Retpolines
[    0.098090] Spectre V2 : Spectre v2 / SpectreRSB mitigation: Filling RSB on context switch
[    0.098091] Spectre V2 : Enabling Restricted Speculation for firmware calls
[    0.098092] Spectre V2 : mitigation: Enabling conditional Indirect Branch Prediction Barrier
[    0.098093] Spectre V2 : User space: Mitigation: STIBP via seccomp and prctl
[    0.098094] Speculative Store Bypass: Mitigation: Speculative Store Bypass disabled via prctl and seccomp
[    0.098097] TAA: Mitigation: Clear CPU buffers
[    0.098101] SRBDS: Mitigation: Microcode
[    0.098101] MDS: Mitigation: Clear CPU buffers
[    0.098371] Freeing SMP alternatives memory: 40K
[    0.101620] smpboot: CPU0: Intel(R) Core(TM) i5-7300U CPU @ 2.60GHz (family: 0x6, model: 0x8e, stepping: 0x9)
[    0.101620] Performance Events: PEBS fmt3+, Skylake events, 32-deep LBR, full-width counters, Intel PMU driver.
[    0.101620] ... version:                4
[    0.101620] ... bit width:              48
[    0.101620] ... generic registers:      4
[    0.101620] ... value mask:             0000ffffffffffff
[    0.101620] ... max period:             00007fffffffffff
[    0.101620] ... fixed-purpose events:   3
[    0.101620] ... event mask:             000000070000000f
[    0.101620] rcu: Hierarchical SRCU implementation.
[    0.101620] NMI watchdog: Enabled. Permanently consumes one hw-PMU counter.
[    0.101620] smp: Bringing up secondary CPUs ...
[    0.101620] x86: Booting SMP configuration:
[    0.101620] .... node  #0, CPUs:      #1 #2
[    0.102149] MDS CPU bug present and SMT on, data leak possible. See https://www.kernel.org/doc/html/latest/admin-guide/hw-vuln/mds.html for more details.
[    0.102149] TAA CPU bug present and SMT on, data leak possible. See https://www.kernel.org/doc/html/latest/admin-guide/hw-vuln/tsx_async_abort.html for more details.
[    0.102149]  #3
[    0.102149] smp: Brought up 1 node, 4 CPUs
[    0.102149] smpboot: Max logical packages: 1
[    0.102149] smpboot: Total of 4 processors activated (21599.27 BogoMIPS)
[    0.103430] devtmpfs: initialized
[    0.103430] x86/mm: Memory block size: 128MB
[    0.105872] PM: Registering ACPI NVS region [mem 0xbb27d000-0xbb27dfff] (4096 bytes)
[    0.105872] PM: Registering ACPI NVS region [mem 0xca63c000-0xcaf5ffff] (9584640 bytes)
[    0.105872] clocksource: jiffies: mask: 0xffffffff max_cycles: 0xffffffff, max_idle_ns: 7645041785100000 ns
[    0.105872] futex hash table entries: 1024 (order: 4, 65536 bytes, linear)
[    0.105872] pinctrl core: initialized pinctrl subsystem
[    0.105872] PM: RTC time: 21:40:40, date: 2022-09-26
[    0.105964] NET: Registered protocol family 16
[    0.106053] audit: initializing netlink subsys (disabled)
[    0.106058] audit: type=2000 audit(1664228440.008:1): state=initialized audit_enabled=0 res=1
[    0.106058] EISA bus registered
[    0.106058] cpuidle: using governor ladder
[    0.106058] cpuidle: using governor menu
[    0.106058] ACPI: bus type PCI registered
[    0.106058] acpiphp: ACPI Hot Plug PCI Controller Driver version: 0.5
[    0.106058] PCI: MMCONFIG for domain 0000 [bus 00-7f] at [mem 0xf0000000-0xf7ffffff] (base 0xf0000000)
[    0.106058] PCI: MMCONFIG at [mem 0xf0000000-0xf7ffffff] reserved in E820
[    0.106058] PCI: Using configuration type 1 for base access
[    0.106074] ENERGY_PERF_BIAS: Set to 'normal', was 'performance'
[    0.107170] HugeTLB registered 1.00 GiB page size, pre-allocated 0 pages
[    0.107170] HugeTLB registered 2.00 MiB page size, pre-allocated 0 pages
[    0.109711] ACPI: Added _OSI(Module Device)
[    0.109711] ACPI: Added _OSI(Processor Device)
[    0.109712] ACPI: Added _OSI(3.0 _SCP Extensions)
[    0.109713] ACPI: Added _OSI(Processor Aggregator Device)
[    0.109714] ACPI: Added _OSI(Linux-Dell-Video)
[    0.109715] ACPI: Added _OSI(Linux-Lenovo-NV-HDMI-Audio)
[    0.109716] ACPI: Added _OSI(Linux-HPI-Hybrid-Graphics)
[    0.162497] ACPI: 10 ACPI AML tables successfully acquired and loaded
[    0.169509] ACPI: [Firmware Bug]: BIOS _OSI(Linux) query ignored
[    0.179363] ACPI: Dynamic OEM Table Load:
[    0.179370] ACPI: SSDT 0xFFFF8C5964EC1000 0006B4 (v02 PmRef  Cpu0Ist  00003000 INTL 20160422)
[    0.181398] ACPI: \_PR_.CPU0: _OSC native thermal LVT Acked
[    0.182767] ACPI: Dynamic OEM Table Load:
[    0.182772] ACPI: SSDT 0xFFFF8C59649EBC00 0003FF (v02 PmRef  Cpu0Cst  00003001 INTL 20160422)
[    0.185141] ACPI: Dynamic OEM Table Load:
[    0.185146] ACPI: SSDT 0xFFFF8C5964EC5000 00065C (v02 PmRef  ApIst    00003000 INTL 20160422)
[    0.187538] ACPI: Dynamic OEM Table Load:
[    0.187542] ACPI: SSDT 0xFFFF8C59649ED400 00018A (v02 PmRef  ApCst    00003000 INTL 20160422)
[    0.189248] ACPI: EC: EC started
[    0.189248] ACPI: EC: interrupt blocked
[    0.198320] ACPI: \_SB_.PCI0.LPCB.ECDV: Used as first EC
[    0.198322] ACPI: \_SB_.PCI0.LPCB.ECDV: GPE=0x6e, IRQ=-1, EC_CMD/EC_SC=0x934, EC_DATA=0x930
[    0.198324] ACPI: \_SB_.PCI0.LPCB.ECDV: Boot DSDT EC used to handle transactions
[    0.198324] ACPI: Interpreter enabled
[    0.198390] ACPI: (supports S0 S3 S4 S5)
[    0.198391] ACPI: Using IOAPIC for interrupt routing
[    0.198441] PCI: Using host bridge windows from ACPI; if necessary, use "pci=nocrs" and report a bug
[    0.199280] ACPI: Enabled 7 GPEs in block 00 to 7F
[    0.204073] ACPI: Power Resource [WRST] (on)
[    0.204566] ACPI: Power Resource [WRST] (on)
[    0.205060] ACPI: Power Resource [WRST] (on)
[    0.205553] ACPI: Power Resource [WRST] (on)
[    0.206056] ACPI: Power Resource [WRST] (on)
[    0.206562] ACPI: Power Resource [WRST] (on)
[    0.207052] ACPI: Power Resource [WRST] (on)
[    0.208112] ACPI: Power Resource [WRST] (on)
[    0.208605] ACPI: Power Resource [WRST] (on)
[    0.209094] ACPI: Power Resource [WRST] (on)
[    0.209581] ACPI: Power Resource [WRST] (on)
[    0.210074] ACPI: Power Resource [WRST] (on)
[    0.210567] ACPI: Power Resource [WRST] (on)
[    0.211067] ACPI: Power Resource [WRST] (on)
[    0.211565] ACPI: Power Resource [WRST] (on)
[    0.212054] ACPI: Power Resource [WRST] (on)
[    0.212545] ACPI: Power Resource [WRST] (on)
[    0.212545] ACPI: Power Resource [WRST] (on)
[    0.212545] ACPI: Power Resource [WRST] (on)
[    0.212545] ACPI: Power Resource [WRST] (on)
[    0.236327] ACPI: PCI Root Bridge [PCI0] (domain 0000 [bus 00-7e])
[    0.236334] acpi PNP0A08:00: _OSC: OS supports [ExtendedConfig ASPM ClockPM Segments MSI HPX-Type3]
[    0.239844] acpi PNP0A08:00: _OSC: OS now controls [PCIeHotplug SHPCHotplug PME AER PCIeCapability LTR]
[    0.240881] PCI host bridge to bus 0000:00
[    0.240883] pci_bus 0000:00: root bus resource [io  0x0000-0x0cf7 window]
[    0.240884] pci_bus 0000:00: root bus resource [io  0x0d00-0xffff window]
[    0.240885] pci_bus 0000:00: root bus resource [mem 0x000a0000-0x000bffff window]
[    0.240886] pci_bus 0000:00: root bus resource [mem 0xcf800000-0xefffffff window]
[    0.240887] pci_bus 0000:00: root bus resource [mem 0xfd000000-0xfe7fffff window]
[    0.240888] pci_bus 0000:00: root bus resource [bus 00-7e]
[    0.240899] pci 0000:00:00.0: [8086:5904] type 00 class 0x060000
[    0.241055] pci 0000:00:02.0: [8086:5916] type 00 class 0x030000
[    0.241066] pci 0000:00:02.0: reg 0x10: [mem 0xee000000-0xeeffffff 64bit]
[    0.241072] pci 0000:00:02.0: reg 0x18: [mem 0xd0000000-0xdfffffff 64bit pref]
[    0.241076] pci 0000:00:02.0: reg 0x20: [io  0xf000-0xf03f]
[    0.241264] pci 0000:00:04.0: [8086:1903] type 00 class 0x118000
[    0.241278] pci 0000:00:04.0: reg 0x10: [mem 0xef240000-0xef247fff 64bit]
[    0.241542] pci 0000:00:14.0: [8086:9d2f] type 00 class 0x0c0330
[    0.241564] pci 0000:00:14.0: reg 0x10: [mem 0xef230000-0xef23ffff 64bit]
[    0.241564] pci 0000:00:14.0: PME# supported from D3hot D3cold
[    0.241564] pci 0000:00:14.2: [8086:9d31] type 00 class 0x118000
[    0.241564] pci 0000:00:14.2: reg 0x10: [mem 0xef258000-0xef258fff 64bit]
[    0.241564] pci 0000:00:15.0: [8086:9d60] type 00 class 0x118000
[    0.241564] pci 0000:00:15.0: reg 0x10: [mem 0xef257000-0xef257fff 64bit]
[    0.241564] pci 0000:00:15.1: [8086:9d61] type 00 class 0x118000
[    0.241564] pci 0000:00:15.1: reg 0x10: [mem 0xef256000-0xef256fff 64bit]
[    0.241564] pci 0000:00:16.0: [8086:9d3a] type 00 class 0x078000
[    0.241564] pci 0000:00:16.0: reg 0x10: [mem 0xef255000-0xef255fff 64bit]
[    0.241564] pci 0000:00:16.0: PME# supported from D3hot
[    0.241564] pci 0000:00:17.0: [8086:9d03] type 00 class 0x010601
[    0.241564] pci 0000:00:17.0: reg 0x10: [mem 0xef250000-0xef251fff]
[    0.241564] pci 0000:00:17.0: reg 0x14: [mem 0xef254000-0xef2540ff]
[    0.241564] pci 0000:00:17.0: reg 0x18: [io  0xf090-0xf097]
[    0.241564] pci 0000:00:17.0: reg 0x1c: [io  0xf080-0xf083]
[    0.241564] pci 0000:00:17.0: reg 0x20: [io  0xf060-0xf07f]
[    0.241564] pci 0000:00:17.0: reg 0x24: [mem 0xef253000-0xef2537ff]
[    0.241564] pci 0000:00:17.0: PME# supported from D3hot
[    0.241564] pci 0000:00:1c.0: [8086:9d10] type 01 class 0x060400
[    0.241564] pci 0000:00:1c.0: PME# supported from D0 D3hot D3cold
[    0.241564] pci 0000:00:1c.2: [8086:9d12] type 01 class 0x060400
[    0.241564] pci 0000:00:1c.2: PME# supported from D0 D3hot D3cold
[    0.241564] pci 0000:00:1f.0: [8086:9d4e] type 00 class 0x060100
[    0.241762] pci 0000:00:1f.2: [8086:9d21] type 00 class 0x058000
[    0.241779] pci 0000:00:1f.2: reg 0x10: [mem 0xef24c000-0xef24ffff]
[    0.242010] pci 0000:00:1f.3: [8086:9d71] type 00 class 0x040300
[    0.242039] pci 0000:00:1f.3: reg 0x10: [mem 0xef248000-0xef24bfff 64bit]
[    0.242070] pci 0000:00:1f.3: reg 0x20: [mem 0xef220000-0xef22ffff 64bit]
[    0.242121] pci 0000:00:1f.3: PME# supported from D3hot D3cold
[    0.242405] pci 0000:00:1f.4: [8086:9d23] type 00 class 0x0c0500
[    0.242466] pci 0000:00:1f.4: reg 0x10: [mem 0xef252000-0xef2520ff 64bit]
[    0.242537] pci 0000:00:1f.4: reg 0x20: [io  0xf040-0xf05f]
[    0.242794] pci 0000:00:1f.6: [8086:15d7] type 00 class 0x020000
[    0.242817] pci 0000:00:1f.6: reg 0x10: [mem 0xef200000-0xef21ffff]
[    0.242919] pci 0000:00:1f.6: PME# supported from D0 D3hot D3cold
[    0.243201] pci 0000:01:00.0: [10ec:525a] type 00 class 0xff0000
[    0.243243] pci 0000:01:00.0: reg 0x14: [mem 0xef100000-0xef100fff]
[    0.243369] pci 0000:01:00.0: supports D1 D2
[    0.243370] pci 0000:01:00.0: PME# supported from D1 D2 D3hot D3cold
[    0.243582] pci 0000:00:1c.0: PCI bridge to [bus 01]
[    0.243586] pci 0000:00:1c.0:   bridge window [mem 0xef100000-0xef1fffff]
[    0.244074] pci 0000:02:00.0: [8086:24fd] type 00 class 0x028000
[    0.244173] pci 0000:02:00.0: reg 0x10: [mem 0xef000000-0xef001fff 64bit]
[    0.244466] pci 0000:02:00.0: PME# supported from D0 D3hot D3cold
[    0.245260] pci 0000:00:1c.2: PCI bridge to [bus 02]
[    0.245264] pci 0000:00:1c.2:   bridge window [mem 0xef000000-0xef0fffff]
[    0.250605] ACPI: PCI Interrupt Link [LNKA] (IRQs 3 4 5 6 10 *11 12 14 15)
[    0.250680] ACPI: PCI Interrupt Link [LNKB] (IRQs 3 4 5 6 *10 11 12 14 15)
[    0.250752] ACPI: PCI Interrupt Link [LNKC] (IRQs 3 4 5 6 10 *11 12 14 15)
[    0.250824] ACPI: PCI Interrupt Link [LNKD] (IRQs 3 4 5 6 10 *11 12 14 15)
[    0.250895] ACPI: PCI Interrupt Link [LNKE] (IRQs 3 4 5 6 10 *11 12 14 15)
[    0.250967] ACPI: PCI Interrupt Link [LNKF] (IRQs 3 4 5 6 10 *11 12 14 15)
[    0.251039] ACPI: PCI Interrupt Link [LNKG] (IRQs 3 4 5 6 10 *11 12 14 15)
[    0.251110] ACPI: PCI Interrupt Link [LNKH] (IRQs 3 4 5 6 10 *11 12 14 15)
[    0.254160] ACPI: EC: interrupt unblocked
[    0.254161] ACPI: EC: event unblocked
[    0.257623] ACPI: \_SB_.PCI0.LPCB.ECDV: GPE=0x6e, IRQ=-1, EC_CMD/EC_SC=0x934, EC_DATA=0x930
[    0.257623] ACPI: \_SB_.PCI0.LPCB.ECDV: Boot DSDT EC used to handle transactions and events
[    0.257877] iommu: Default domain type: Translated 
[    0.257877] SCSI subsystem initialized
[    0.257880] libata version 3.00 loaded.
[    0.257880] pci 0000:00:02.0: vgaarb: setting as boot VGA device
[    0.257880] pci 0000:00:02.0: vgaarb: VGA device added: decodes=io+mem,owns=io+mem,locks=none
[    0.257880] pci 0000:00:02.0: vgaarb: bridge control possible
[    0.257880] vgaarb: loaded
[    0.257880] ACPI: bus type USB registered
[    0.257880] usbcore: registered new interface driver usbfs
[    0.257880] usbcore: registered new interface driver hub
[    0.257880] usbcore: registered new device driver usb
[    0.257880] pps_core: LinuxPPS API ver. 1 registered
[    0.257880] pps_core: Software ver. 5.3.6 - Copyright 2005-2007 Rodolfo Giometti <giometti@linux.it>
[    0.257880] PTP clock support registered
[    0.257880] EDAC MC: Ver: 3.0.0
[    0.258211] PCI: Using ACPI for IRQ routing
[    0.274472] PCI: pci_cache_line_size set to 64 bytes
[    0.275139] e820: reserve RAM buffer [mem 0x0009c400-0x0009ffff]
[    0.275140] e820: reserve RAM buffer [mem 0xbb27d000-0xbbffffff]
[    0.275141] e820: reserve RAM buffer [mem 0x22e800000-0x22fffffff]
[    0.275245] NetLabel: Initializing
[    0.275245] NetLabel:  domain hash size = 128
[    0.275246] NetLabel:  protocols = UNLABELED CIPSOv4 CALIPSO
[    0.275260] NetLabel:  unlabeled traffic allowed by default
[    0.275276] clocksource: Switched to clocksource tsc-early
[    0.285387] *** VALIDATE bpf ***
[    0.285439] VFS: Disk quotas dquot_6.6.0
[    0.285465] VFS: Dquot-cache hash table entries: 512 (order 0, 4096 bytes)
[    0.285487] *** VALIDATE ramfs ***
[    0.285490] *** VALIDATE hugetlbfs ***
[    0.285566] AppArmor: AppArmor Filesystem Enabled
[    0.285596] pnp: PnP ACPI init
[    0.285962] system 00:00: [io  0x0680-0x069f] has been reserved
[    0.285964] system 00:00: [io  0xffff] has been reserved
[    0.285965] system 00:00: [io  0xffff] has been reserved
[    0.285967] system 00:00: [io  0xffff] has been reserved
[    0.285968] system 00:00: [io  0x1800-0x18fe] has been reserved
[    0.285969] system 00:00: [io  0x164e-0x164f] has been reserved
[    0.285974] system 00:00: Plug and Play ACPI device, IDs PNP0c02 (active)
[    0.286103] pnp 00:01: Plug and Play ACPI device, IDs PNP0b00 (active)
[    0.286150] system 00:02: [io  0x1854-0x1857] has been reserved
[    0.286153] system 00:02: Plug and Play ACPI device, IDs INT3f0d PNP0c02 (active)
[    0.286292] pnp 00:03: Plug and Play ACPI device, IDs PNP0303 (active)
[    0.286628] system 00:04: [mem 0xfed10000-0xfed17fff] has been reserved
[    0.286629] system 00:04: [mem 0xfed18000-0xfed18fff] has been reserved
[    0.286630] system 00:04: [mem 0xfed19000-0xfed19fff] has been reserved
[    0.286632] system 00:04: [mem 0xf0000000-0xf7ffffff] has been reserved
[    0.286633] system 00:04: [mem 0xfed20000-0xfed3ffff] has been reserved
[    0.286634] system 00:04: [mem 0xfed90000-0xfed93fff] could not be reserved
[    0.286635] system 00:04: [mem 0xfed45000-0xfed8ffff] has been reserved
[    0.286637] system 00:04: [mem 0xff000000-0xffffffff] has been reserved
[    0.286638] system 00:04: [mem 0xfee00000-0xfeefffff] could not be reserved
[    0.286640] system 00:04: [mem 0xeffe0000-0xefffffff] has been reserved
[    0.286642] system 00:04: Plug and Play ACPI device, IDs PNP0c02 (active)
[    0.286694] system 00:05: [mem 0xfd000000-0xfdabffff] has been reserved
[    0.286695] system 00:05: [mem 0xfdad0000-0xfdadffff] has been reserved
[    0.286696] system 00:05: [mem 0xfdb00000-0xfdffffff] has been reserved
[    0.286698] system 00:05: [mem 0xfe000000-0xfe01ffff] could not be reserved
[    0.286699] system 00:05: [mem 0xfe036000-0xfe03bfff] has been reserved
[    0.286700] system 00:05: [mem 0xfe03d000-0xfe3fffff] has been reserved
[    0.286701] system 00:05: [mem 0xfe410000-0xfe7fffff] has been reserved
[    0.286704] system 00:05: Plug and Play ACPI device, IDs PNP0c02 (active)
[    0.287112] system 00:06: [io  0xff00-0xfffe] has been reserved
[    0.287115] system 00:06: Plug and Play ACPI device, IDs PNP0c02 (active)
[    0.288802] system 00:07: [mem 0xfe029000-0xfe029fff] has been reserved
[    0.288803] system 00:07: [mem 0xfe028000-0xfe028fff] has been reserved
[    0.288804] system 00:07: [mem 0xfdaf0000-0xfdafffff] has been reserved
[    0.288805] system 00:07: [mem 0xfdae0000-0xfdaeffff] has been reserved
[    0.288807] system 00:07: [mem 0xfdac0000-0xfdacffff] has been reserved
[    0.288810] system 00:07: Plug and Play ACPI device, IDs PNP0c02 (active)
[    0.292727] pnp: PnP ACPI: found 8 devices
[    0.294174] thermal_sys: Registered thermal governor 'fair_share'
[    0.294175] thermal_sys: Registered thermal governor 'bang_bang'
[    0.294176] thermal_sys: Registered thermal governor 'step_wise'
[    0.294176] thermal_sys: Registered thermal governor 'user_space'
[    0.294177] thermal_sys: Registered thermal governor 'power_allocator'
[    0.298677] clocksource: acpi_pm: mask: 0xffffff max_cycles: 0xffffff, max_idle_ns: 2085701024 ns
[    0.298713] pci 0000:00:1c.0: PCI bridge to [bus 01]
[    0.298718] pci 0000:00:1c.0:   bridge window [mem 0xef100000-0xef1fffff]
[    0.298723] pci 0000:00:1c.2: PCI bridge to [bus 02]
[    0.298726] pci 0000:00:1c.2:   bridge window [mem 0xef000000-0xef0fffff]
[    0.298733] pci_bus 0000:00: resource 4 [io  0x0000-0x0cf7 window]
[    0.298734] pci_bus 0000:00: resource 5 [io  0x0d00-0xffff window]
[    0.298735] pci_bus 0000:00: resource 6 [mem 0x000a0000-0x000bffff window]
[    0.298736] pci_bus 0000:00: resource 7 [mem 0xcf800000-0xefffffff window]
[    0.298737] pci_bus 0000:00: resource 8 [mem 0xfd000000-0xfe7fffff window]
[    0.298739] pci_bus 0000:01: resource 1 [mem 0xef100000-0xef1fffff]
[    0.298740] pci_bus 0000:02: resource 1 [mem 0xef000000-0xef0fffff]
[    0.298925] NET: Registered protocol family 2
[    0.299011] IP idents hash table entries: 131072 (order: 8, 1048576 bytes, linear)
[    0.300044] tcp_listen_portaddr_hash hash table entries: 4096 (order: 4, 65536 bytes, linear)
[    0.300084] TCP established hash table entries: 65536 (order: 7, 524288 bytes, linear)
[    0.300205] TCP bind hash table entries: 65536 (order: 8, 1048576 bytes, linear)
[    0.300294] TCP: Hash tables configured (established 65536 bind 65536)
[    0.300325] UDP hash table entries: 4096 (order: 5, 131072 bytes, linear)
[    0.300349] UDP-Lite hash table entries: 4096 (order: 5, 131072 bytes, linear)
[    0.300400] NET: Registered protocol family 1
[    0.300405] NET: Registered protocol family 44
[    0.300416] pci 0000:00:02.0: Video device with shadowed ROM at [mem 0x000c0000-0x000dffff]
[    0.301442] PCI: CLS 0 bytes, default 64
[    0.301489] Trying to unpack rootfs image as initramfs...
[    0.516163] Freeing initrd memory: 85996K
[    0.516231] DMAR: ACPI device "device:69" under DMAR at fed91000 as 00:15.0
[    0.516234] DMAR: ACPI device "device:6a" under DMAR at fed91000 as 00:15.1
[    0.537676] PCI-DMA: Using software bounce buffering for IO (SWIOTLB)
[    0.537677] software IO TLB: mapped [mem 0xb727d000-0xbb27d000] (64MB)
[    0.537905] check: Scanning for low memory corruption every 60 seconds
[    0.538314] Initialise system trusted keyrings
[    0.538339] Key type blacklist registered
[    0.538371] workingset: timestamp_bits=36 max_order=21 bucket_order=0
[    0.539631] zbud: loaded
[    0.539991] squashfs: version 4.0 (2009/01/31) Phillip Lougher
[    0.540135] fuse: init (API version 7.31)
[    0.540152] *** VALIDATE fuse ***
[    0.540153] *** VALIDATE fuse ***
[    0.540243] Platform Keyring initialized
[    0.543766] Key type asymmetric registered
[    0.543767] Asymmetric key parser 'x509' registered
[    0.543773] Block layer SCSI generic (bsg) driver version 0.4 loaded (major 244)
[    0.543805] io scheduler mq-deadline registered
[    0.544186] pcieport 0000:00:1c.0: PME: Signaling with IRQ 122
[    0.544242] pcieport 0000:00:1c.0: AER: enabled with IRQ 122
[    0.544472] pcieport 0000:00:1c.2: PME: Signaling with IRQ 123
[    0.544520] pcieport 0000:00:1c.2: AER: enabled with IRQ 123
[    0.544582] shpchp: Standard Hot Plug PCI Controller Driver version: 0.4
[    0.544634] vesafb: mode is 1920x1080x32, linelength=7680, pages=0
[    0.544634] vesafb: scrolling: redraw
[    0.544636] vesafb: Truecolor: size=8:8:8:8, shift=24:16:8:0
[    0.544656] vesafb: framebuffer at 0xd0000000, mapped to 0x00000000e80ac50f, using 8128k, total 8128k
[    0.544690] fbcon: Deferring console take-over
[    0.544690] fb0: VESA VGA frame buffer device
[    0.544703] intel_idle: MWAIT substates: 0x11142120
[    0.544704] intel_idle: v0.4.1 model 0x8E
[    0.544929] intel_idle: lapic_timer_reliable_states 0xffffffff
[    0.546683] ACPI: AC Adapter [AC] (off-line)
[    0.546756] input: Lid Switch as /devices/LNXSYSTM:00/LNXSYBUS:00/PNP0C0D:00/input/input0
[    0.546919] ACPI: Lid Switch [LID0]
[    0.546958] input: Power Button as /devices/LNXSYSTM:00/LNXSYBUS:00/PNP0C0C:00/input/input1
[    0.546987] ACPI: Power Button [PBTN]
[    0.547014] input: Sleep Button as /devices/LNXSYSTM:00/LNXSYBUS:00/PNP0C0E:00/input/input2
[    0.547029] ACPI: Sleep Button [SBTN]
[    0.547062] input: Power Button as /devices/LNXSYSTM:00/LNXPWRBN:00/input/input3
[    0.547081] ACPI: Power Button [PWRF]
[    0.549221] thermal LNXTHERM:00: registered as thermal_zone0
[    0.549223] ACPI: Thermal Zone [THM] (25 C)
[    0.549422] Serial: 8250/16550 driver, 32 ports, IRQ sharing enabled
[    0.552184] hpet_acpi_add: no address or irqs in _CRS
[    0.552241] Linux agpgart interface v0.103
[    0.564220] tpm_tis MSFT0101:00: 2.0 TPM (device-id 0xFE, rev-id 4)
[    0.578942] battery: ACPI: Battery Slot [BAT0] (battery present)
[    0.737785] loop: module loaded
[    0.738096] tun: Universal TUN/TAP device driver, 1.6
[    0.738194] PPP generic driver version 2.4.2
[    0.738395] VFIO - User Level meta-driver version: 0.3
[    0.738542] ehci_hcd: USB 2.0 'Enhanced' Host Controller (EHCI) Driver
[    0.738547] ehci-pci: EHCI PCI platform driver
[    0.738560] ehci-platform: EHCI generic platform driver
[    0.738573] ohci_hcd: USB 1.1 'Open' Host Controller (OHCI) Driver
[    0.738575] ohci-pci: OHCI PCI platform driver
[    0.738586] ohci-platform: OHCI generic platform driver
[    0.738594] uhci_hcd: USB Universal Host Controller Interface driver
[    0.738834] xhci_hcd 0000:00:14.0: xHCI Host Controller
[    0.738840] xhci_hcd 0000:00:14.0: new USB bus registered, assigned bus number 1
[    0.739907] xhci_hcd 0000:00:14.0: hcc params 0x200077c1 hci version 0x100 quirks 0x0000000081109810
[    0.740119] xhci_hcd 0000:00:14.0: cache line size of 64 is not supported
[    0.740375] xhci_hcd 0000:00:14.0: xHCI Host Controller
[    0.740378] xhci_hcd 0000:00:14.0: new USB bus registered, assigned bus number 2
[    0.740380] xhci_hcd 0000:00:14.0: Host supports USB 3.0 SuperSpeed
[    0.740410] usb usb1: New USB device found, idVendor=1d6b, idProduct=0002, bcdDevice= 5.04
[    0.740411] usb usb1: New USB device strings: Mfr=3, Product=2, SerialNumber=1
[    0.740413] usb usb1: Product: xHCI Host Controller
[    0.740414] usb usb1: Manufacturer: Linux 5.4.0-113-generic xhci-hcd
[    0.740415] usb usb1: SerialNumber: 0000:00:14.0
[    0.740573] hub 1-0:1.0: USB hub found
[    0.740588] hub 1-0:1.0: 12 ports detected
[    0.742066] usb usb2: New USB device found, idVendor=1d6b, idProduct=0003, bcdDevice= 5.04
[    0.742067] usb usb2: New USB device strings: Mfr=3, Product=2, SerialNumber=1
[    0.742068] usb usb2: Product: xHCI Host Controller
[    0.742069] usb usb2: Manufacturer: Linux 5.4.0-113-generic xhci-hcd
[    0.742070] usb usb2: SerialNumber: 0000:00:14.0
[    0.742181] hub 2-0:1.0: USB hub found
[    0.742191] hub 2-0:1.0: 6 ports detected
[    0.743015] i8042: PNP: PS/2 Controller [PNP0303:PS2K] at 0x60,0x64 irq 1
[    0.743015] i8042: PNP: PS/2 appears to have AUX port disabled, if this is incorrect please boot with i8042.nopnp
[    0.745928] i8042: Warning: Keylock active
[    0.746112] serio: i8042 KBD port at 0x60,0x64 irq 1
[    0.746268] mousedev: PS/2 mouse device common for all mice
[    0.746620] rtc_cmos 00:01: RTC can wake from S4
[    0.747217] rtc_cmos 00:01: registered as rtc0
[    0.747229] rtc_cmos 00:01: alarms up to one month, y3k, 242 bytes nvram
[    0.747254] i2c /dev entries driver
[    0.747298] device-mapper: uevent: version 1.0.3
[    0.747328] input: AT Translated Set 2 keyboard as /devices/platform/i8042/serio0/input/input4
[    0.747399] device-mapper: ioctl: 4.41.0-ioctl (2019-09-16) initialised: dm-devel@redhat.com
[    0.747416] platform eisa.0: Probing EISA bus 0
[    0.747417] platform eisa.0: EISA: Cannot allocate resource for mainboard
[    0.747419] platform eisa.0: Cannot allocate resource for EISA slot 1
[    0.747420] platform eisa.0: Cannot allocate resource for EISA slot 2
[    0.747420] platform eisa.0: Cannot allocate resource for EISA slot 3
[    0.747421] platform eisa.0: Cannot allocate resource for EISA slot 4
[    0.747422] platform eisa.0: Cannot allocate resource for EISA slot 5
[    0.747423] platform eisa.0: Cannot allocate resource for EISA slot 6
[    0.747424] platform eisa.0: Cannot allocate resource for EISA slot 7
[    0.747425] platform eisa.0: Cannot allocate resource for EISA slot 8
[    0.747426] platform eisa.0: EISA: Detected 0 cards
[    0.747428] intel_pstate: Intel P-state driver initializing
[    0.747575] intel_pstate: HWP enabled
[    0.747596] ledtrig-cpu: registered to indicate activity on CPUs
[    0.747629] intel_pmc_core INT33A1:00:  initialized
[    0.747677] drop_monitor: Initializing network drop monitor service
[    0.747782] NET: Registered protocol family 10
[    0.752558] Segment Routing with IPv6
[    0.752579] NET: Registered protocol family 17
[    0.752604] Key type dns_resolver registered
[    0.752761] RAS: Correctable Errors collector initialized.
[    0.752786] microcode: sig=0x806e9, pf=0x80, revision=0xea
[    0.752811] microcode: Microcode Update Driver: v2.2.
[    0.752815] IPI shorthand broadcast: enabled
[    0.752820] sched_clock: Marking stable (746483095, 6326182)->(763526675, -10717398)
[    0.752874] registered taskstats version 1
[    0.752880] Loading compiled-in X.509 certificates
[    0.753370] Loaded X.509 cert 'Build time autogenerated kernel key: 9b58d12235b5231c132266f4ab6f5483081fcfad'
[    0.753808] Loaded X.509 cert 'Canonical Ltd. Live Patch Signing: 14df34d1a87cf37625abec039ef2bf521249b969'
[    0.754240] Loaded X.509 cert 'Canonical Ltd. Kernel Module Signing: 88f752e560a1e0737e31163a466ad7b70a850c19'
[    0.754240] blacklist: Loading compiled-in revocation X.509 certificates
[    0.754253] Loaded X.509 cert 'Canonical Ltd. Secure Boot Signing: 61482aa2830d0ab2ad5af10b7250da9033ddcef0'
[    0.754273] zswap: loaded using pool lzo/zbud
[    0.754358] Key type ._fscrypt registered
[    0.754358] Key type .fscrypt registered
[    0.758681] Key type big_key registered
[    0.758688] Key type trusted registered
[    0.760767] Key type encrypted registered
[    0.760769] AppArmor: AppArmor sha1 policy hashing enabled
[    0.760778] ima: Allocated hash algorithm: sha1
[    0.793148] ima: No architecture policies found
[    0.793159] evm: Initialising EVM extended attributes:
[    0.793160] evm: security.selinux
[    0.793160] evm: security.SMACK64
[    0.793160] evm: security.SMACK64EXEC
[    0.793161] evm: security.SMACK64TRANSMUTE
[    0.793161] evm: security.SMACK64MMAP
[    0.793161] evm: security.apparmor
[    0.793162] evm: security.ima
[    0.793162] evm: security.capability
[    0.793162] evm: HMAC attrs: 0x1
[    0.794195] PM:   Magic number: 6:335:703
[    0.794384] rtc_cmos 00:01: setting system clock to 2022-09-26T21:40:40 UTC (1664228440)
[    0.795210] Freeing unused decrypted memory: 2040K
[    0.795569] Freeing unused kernel image memory: 2752K
[    0.821764] Write protecting the kernel read-only data: 26624k
[    0.822192] Freeing unused kernel image memory: 2008K
[    0.822371] Freeing unused kernel image memory: 736K
[    0.829642] x86/mm: Checked W+X mappings: passed, no W+X pages found.
[    0.829642] x86/mm: Checking user space page tables
[    0.836786] x86/mm: Checked W+X mappings: passed, no W+X pages found.
[    0.836788] Run /init as init process
[    0.924411] hidraw: raw HID events driver (C) Jiri Kosina
[    0.927736] wmi_bus wmi_bus-PNP0C14:01: WQBC data block query control method not found
[    0.936302] ahci 0000:00:17.0: version 3.0
[    0.939668] i801_smbus 0000:00:1f.4: SPD Write Disable is set
[    0.939723] i801_smbus 0000:00:1f.4: SMBus using PCI interrupt
[    0.940400] ahci 0000:00:17.0: SSS flag set, parallel bus scan disabled
[    0.940423] ahci 0000:00:17.0: AHCI 0001.0301 32 slots 2 ports 6 Gbps 0x5 impl SATA mode
[    0.940426] ahci 0000:00:17.0: flags: 64bit ncq stag pm led clo only pio slum part deso sadm sds apst 
[    0.940642] e1000e: Intel(R) PRO/1000 Network Driver - 3.2.6-k
[    0.940643] e1000e: Copyright(c) 1999 - 2015 Intel Corporation.
[    0.940943] intel-lpss 0000:00:15.0: enabling device (0000 -> 0002)
[    0.941826] idma64 idma64.0: Found Intel integrated DMA 64-bit
[    0.941911] e1000e 0000:00:1f.6: Interrupt Throttling Rate (ints/sec) set to dynamic conservative mode
[    0.950316] scsi host0: ahci
[    0.955014] scsi host1: ahci
[    0.955418] scsi host2: ahci
[    0.955475] ata1: SATA max UDMA/133 abar m2048@0xef253000 port 0xef253100 irq 126
[    0.955477] ata2: DUMMY
[    0.955478] ata3: SATA max UDMA/133 abar m2048@0xef253000 port 0xef253200 irq 126
[    0.973083] i801_smbus 0000:00:1f.4: Accelerometer lis3lv02d is present on SMBus but its address is unknown, skipping registration
[    0.975673] intel-lpss 0000:00:15.1: enabling device (0000 -> 0002)
[    0.975889] idma64 idma64.1: Found Intel integrated DMA 64-bit
[    0.979357] cryptd: max_cpu_qlen set to 1000
[    0.984745] i2c_hid i2c-DLL07A8:01: i2c-DLL07A8:01 supply vdd not found, using dummy regulator
[    0.984753] i2c_hid i2c-DLL07A8:01: i2c-DLL07A8:01 supply vddl not found, using dummy regulator
[    1.001698] usb 1-5: new high-speed USB device number 2 using xhci_hcd
[    1.068299] AVX2 version of gcm_enc/dec engaged.
[    1.068300] AES CTR mode by8 optimization enabled
[    1.144229] e1000e 0000:00:1f.6 0000:00:1f.6 (uninitialized): registered PHC clock
[    1.194146] usb 1-5: New USB device found, idVendor=0bda, idProduct=58c7, bcdDevice=69.21
[    1.194147] usb 1-5: New USB device strings: Mfr=3, Product=1, SerialNumber=2
[    1.194148] usb 1-5: Product: Integrated_Webcam_HD
[    1.194149] usb 1-5: Manufacturer: CN0PX2T67248774PA0JEA00
[    1.194150] usb 1-5: SerialNumber: 200901010001
[    1.212555] e1000e 0000:00:1f.6 eth0: (PCI Express:2.5GT/s:Width x1) a4:4c:c8:7e:76:9f
[    1.212557] e1000e 0000:00:1f.6 eth0: Intel(R) PRO/1000 Network Connection
[    1.212608] e1000e 0000:00:1f.6 eth0: MAC: 12, PHY: 12, PBA No: FFFFFF-0FF
[    1.269380] ata1: SATA link down (SStatus 4 SControl 300)
[    1.565666] tsc: Refined TSC clocksource calibration: 2711.998 MHz
[    1.565671] clocksource: tsc: mask: 0xffffffffffffffff max_cycles: 0x27178451938, max_idle_ns: 440795251172 ns
[    1.565701] clocksource: Switched to clocksource tsc
[    1.586252] ata3: SATA link up 6.0 Gbps (SStatus 133 SControl 300)
[    1.588575] ata3.00: ACPI cmd ef/10:06:00:00:00:00 (SET FEATURES) succeeded
[    1.588576] ata3.00: ACPI cmd f5/00:00:00:00:00:00 (SECURITY FREEZE LOCK) filtered out
[    1.588577] ata3.00: ACPI cmd b1/c1:00:00:00:00:00 (DEVICE CONFIGURATION OVERLAY) filtered out
[    1.588700] ata3.00: ACPI cmd 00/00:00:00:00:00:a0 (NOP) rejected by device (Stat=0x51 Err=0x04)
[    1.589361] ata3.00: ATA-10: SK hynix SC311 SATA 256GB, 70000P10, max UDMA/133
[    1.589362] ata3.00: 500118192 sectors, multi 16: LBA48 NCQ (depth 32), AA
[    1.591037] ata3.00: ACPI cmd ef/10:06:00:00:00:00 (SET FEATURES) succeeded
[    1.591039] ata3.00: ACPI cmd f5/00:00:00:00:00:00 (SECURITY FREEZE LOCK) filtered out
[    1.591040] ata3.00: ACPI cmd b1/c1:00:00:00:00:00 (DEVICE CONFIGURATION OVERLAY) filtered out
[    1.591108] ata3.00: ACPI cmd 00/00:00:00:00:00:a0 (NOP) rejected by device (Stat=0x51 Err=0x04)
[    1.592200] ata3.00: configured for UDMA/133
[    1.592609] scsi 2:0:0:0: Direct-Access     ATA      SK hynix SC311 S 0P10 PQ: 0 ANSI: 5
[    1.592752] sd 2:0:0:0: Attached scsi generic sg0 type 0
[    1.592874] sd 2:0:0:0: [sda] 500118192 512-byte logical blocks: (256 GB/238 GiB)
[    1.592876] sd 2:0:0:0: [sda] 4096-byte physical blocks
[    1.592889] sd 2:0:0:0: [sda] Write Protect is off
[    1.592890] sd 2:0:0:0: [sda] Mode Sense: 00 3a 00 00
[    1.592912] sd 2:0:0:0: [sda] Write cache: enabled, read cache: enabled, doesn't support DPO or FUA
[    1.606414]  sda: sda1 sda2 sda3
[    1.621915] sd 2:0:0:0: [sda] Attached SCSI disk
[    1.623669] e1000e 0000:00:1f.6 enp0s31f6: renamed from eth0
[    1.638985] input: DualPoint Stick as /devices/pci0000:00/0000:00:15.1/i2c_designware.1/i2c-2/i2c-DLL07A8:01/0018:044E:120B.0001/input/input6
[    1.639050] input: DLL07A8:01 044E:120B as /devices/pci0000:00/0000:00:15.1/i2c_designware.1/i2c-2/i2c-DLL07A8:01/0018:044E:120B.0001/input/input5
[    1.639102] hid-alps 0018:044E:120B.0001: input,hidraw0: I2C HID v1.00 Mouse [DLL07A8:01 044E:120B] on i2c-DLL07A8:01
[    1.651502] checking generic (d0000000 7f0000) vs hw (d0000000 10000000)
[    1.651503] fb0: switching to inteldrmfb from VESA VGA
[    1.651548] i915 0000:00:02.0: vgaarb: deactivate vga console
[    1.652408] [drm] Supports vblank timestamp caching Rev 2 (21.10.2013).
[    1.652409] [drm] Driver supports precise vblank timestamp query.
[    1.652844] i915 0000:00:02.0: vgaarb: changed VGA decodes: olddecodes=io+mem,decodes=io+mem:owns=io+mem
[    1.653156] [drm] Finished loading DMC firmware i915/kbl_dmc_ver1_04.bin (v1.4)
[    1.662248] i915 0000:00:02.0: Failed to program MOCS registers; expect performance issues.
[    1.662907] [drm] Initialized i915 1.6.0 20190822 for 0000:00:02.0 on minor 0
[    1.665210] ACPI: Video Device [GFX0] (multi-head: yes  rom: no  post: no)
[    1.666026] input: Video Bus as /devices/LNXSYSTM:00/LNXSYBUS:00/PNP0A08:00/LNXVIDEO:00/input/input7
[    1.675277] fbcon: i915drmfb (fb0) is primary device
[    1.675278] fbcon: Deferring console take-over
[    1.675279] i915 0000:00:02.0: fb0: i915drmfb frame buffer device
[    1.913655] raid6: avx2x4   gen() 32729 MB/s
[    1.961658] raid6: avx2x4   xor() 20554 MB/s
[    2.009657] raid6: avx2x2   gen() 29467 MB/s
[    2.057654] raid6: avx2x2   xor() 18621 MB/s
[    2.105652] raid6: avx2x1   gen() 23959 MB/s
[    2.153657] raid6: avx2x1   xor() 17081 MB/s
[    2.201654] raid6: sse2x4   gen() 14043 MB/s
[    2.249652] raid6: sse2x4   xor()  8729 MB/s
[    2.297656] raid6: sse2x2   gen() 12315 MB/s
[    2.345656] raid6: sse2x2   xor()  8120 MB/s
[    2.393653] raid6: sse2x1   gen() 10514 MB/s
[    2.441649] raid6: sse2x1   xor()  6323 MB/s
[    2.441650] raid6: using algorithm avx2x4 gen() 32729 MB/s
[    2.441650] raid6: .... xor() 20554 MB/s, rmw enabled
[    2.441651] raid6: using avx2x2 recovery algorithm
[    2.443843] xor: automatically using best checksumming function   avx       
[    2.456685] Btrfs loaded, crc32c=crc32c-intel
[    2.520983] EXT4-fs (sda1): mounted filesystem with ordered data mode. Opts: (null)
[    2.745998] systemd[1]: Inserted module 'autofs4'
[    2.763415] systemd[1]: systemd 245.4-4ubuntu3.17 running in system mode. (+PAM +AUDIT +SELINUX +IMA +APPARMOR +SMACK +SYSVINIT +UTMP +LIBCRYPTSETUP +GCRYPT +GNUTLS +ACL +XZ +LZ4 +SECCOMP +BLKID +ELFUTILS +KMOD +IDN2 -IDN +PCRE2 default-hierarchy=hybrid)
[    2.781905] systemd[1]: Detected architecture x86-64.
[    2.810553] systemd[1]: Set hostname to <software-dev>.
[    3.143493] systemd[1]: Created slice system-modprobe.slice.
[    3.143707] systemd[1]: Created slice system-systemd\x2dfsck.slice.
[    3.143905] systemd[1]: Created slice User and Session Slice.
[    3.143948] systemd[1]: Started Forward Password Requests to Wall Directory Watch.
[    3.144131] systemd[1]: Set up automount Arbitrary Executable File Formats File System Automount Point.
[    3.144162] systemd[1]: Reached target User and Group Name Lookups.
[    3.144177] systemd[1]: Reached target Remote File Systems.
[    3.144184] systemd[1]: Reached target Slices.
[    3.144239] systemd[1]: Listening on Device-mapper event daemon FIFOs.
[    3.144313] systemd[1]: Listening on LVM2 poll daemon socket.
[    3.144369] systemd[1]: Listening on Syslog Socket.
[    3.145230] systemd[1]: Listening on Process Core Dump Socket.
[    3.145291] systemd[1]: Listening on fsck to fsckd communication Socket.
[    3.145327] systemd[1]: Listening on initctl Compatibility Named Pipe.
[    3.145451] systemd[1]: Listening on Journal Audit Socket.
[    3.145513] systemd[1]: Listening on Journal Socket (/dev/log).
[    3.145587] systemd[1]: Listening on Journal Socket.
[    3.145661] systemd[1]: Listening on udev Control Socket.
[    3.145714] systemd[1]: Listening on udev Kernel Socket.
[    3.146431] systemd[1]: Mounting Huge Pages File System...
[    3.147138] systemd[1]: Mounting POSIX Message Queue File System...
[    3.148157] systemd[1]: Mounting Kernel Debug File System...
[    3.149269] systemd[1]: Mounting Kernel Trace File System...
[    3.150881] systemd[1]: Starting Journal Service...
[    3.151895] systemd[1]: Starting Availability of block devices...
[    3.153073] systemd[1]: Starting Set the console keyboard layout...
[    3.154193] systemd[1]: Starting Create list of static device nodes for the current kernel...
[    3.155035] systemd[1]: Starting Monitoring of LVM2 mirrors, snapshots etc. using dmeventd or progress polling...
[    3.155089] systemd[1]: Condition check resulted in Load Kernel Module drm being skipped.
[    3.156179] systemd[1]: Condition check resulted in Set Up Additional Binary Formats being skipped.
[    3.156234] systemd[1]: Condition check resulted in File System Check on Root Device being skipped.
[    3.158952] systemd[1]: Starting Load Kernel Modules...
[    3.159847] systemd[1]: Starting Remount Root and Kernel File Systems...
[    3.160930] systemd[1]: Starting udev Coldplug all Devices...
[    3.161858] systemd[1]: Starting Uncomplicated firewall...
[    3.163681] systemd[1]: Mounted Huge Pages File System.
[    3.163860] systemd[1]: Mounted POSIX Message Queue File System.
[    3.163986] systemd[1]: Mounted Kernel Debug File System.
[    3.164107] systemd[1]: Mounted Kernel Trace File System.
[    3.164713] systemd[1]: Finished Availability of block devices.
[    3.165388] systemd[1]: Finished Create list of static device nodes for the current kernel.
[    3.172129] EXT4-fs (sda1): re-mounted. Opts: errors=remount-ro
[    3.173307] systemd[1]: Finished Remount Root and Kernel File Systems.
[    3.179434] systemd[1]: Condition check resulted in Rebuild Hardware Database being skipped.
[    3.179472] systemd[1]: Condition check resulted in Platform Persistent Storage Archival being skipped.
[    3.180518] systemd[1]: Starting Load/Save Random Seed...
[    3.181670] systemd[1]: Starting Create System Users...
[    3.184661] lp: driver loaded but no devices found
[    3.186221] bpfilter: Loaded bpfilter_umh pid 375
[    3.186495] Started bpfilter
[    3.196135] ppdev: user-space parallel port driver
[    3.200187] systemd[1]: Finished Load/Save Random Seed.
[    3.202440] systemd[1]: Finished Create System Users.
[    3.203577] systemd[1]: Starting Create Static Device Nodes in /dev...
[    3.207234] IPMI message handler: version 39.2
[    3.208870] ipmi device interface
[    3.210695] systemd[1]: Finished Load Kernel Modules.
[    3.212005] systemd[1]: Mounting FUSE Control File System...
[    3.213174] systemd[1]: Mounting Kernel Configuration File System...
[    3.214313] systemd[1]: Starting Apply Kernel Variables...
[    3.216035] systemd[1]: Mounted FUSE Control File System.
[    3.218047] systemd[1]: Mounted Kernel Configuration File System.
[    3.219732] systemd[1]: Finished Create Static Device Nodes in /dev.
[    3.222317] systemd[1]: Starting udev Kernel Device Manager...
[    3.227949] systemd[1]: Finished Monitoring of LVM2 mirrors, snapshots etc. using dmeventd or progress polling.
[    3.238713] systemd[1]: Finished Apply Kernel Variables.
[    3.248699] systemd[1]: Started Journal Service.
[    3.258023] systemd-journald[348]: Received client request to flush runtime journal.
[    3.773289] input: Intel HID events as /devices/platform/INT33D5:00/input/input8
[    3.785145] intel-hid INT33D5:00: platform supports 5 button array
[    3.785184] input: Intel HID 5 button array as /devices/platform/INT33D5:00/input/input9
[    3.886413] mei_me 0000:00:16.0: enabling device (0000 -> 0002)
[    3.899130] intel_rapl_common: Found RAPL domain package
[    3.899131] intel_rapl_common: Found RAPL domain dram
[    3.902014] proc_thermal 0000:00:04.0: Creating sysfs group for PROC_THERMAL_PCI
[    3.948155] cfg80211: Loading compiled-in X.509 certificates for regulatory database
[    3.954579] cfg80211: Loaded X.509 cert 'sforshee: 00b28ddf47aef9cea7'
[    4.015626] Intel(R) Wireless WiFi driver for Linux
[    4.015627] Copyright(c) 2003- 2015 Intel Corporation
[    4.016346] input: Dell WMI hotkeys as /devices/platform/PNP0C14:01/wmi_bus/wmi_bus-PNP0C14:01/9DBB5994-A997-11DA-B012-B622A1EF5492/input/input10
[    4.024783] RAPL PMU: API unit is 2^-32 Joules, 5 fixed counters, 655360 ms ovfl timer
[    4.024784] RAPL PMU: hw unit of domain pp0-core 2^-14 Joules
[    4.024785] RAPL PMU: hw unit of domain package 2^-14 Joules
[    4.024785] RAPL PMU: hw unit of domain dram 2^-14 Joules
[    4.024786] RAPL PMU: hw unit of domain pp1-gpu 2^-14 Joules
[    4.024786] RAPL PMU: hw unit of domain psys 2^-14 Joules
[    4.053863] iwlwifi 0000:02:00.0: Found debug destination: EXTERNAL_DRAM
[    4.053865] iwlwifi 0000:02:00.0: Found debug configuration: 0
[    4.054443] iwlwifi 0000:02:00.0: loaded firmware version 36.77d01142.0 op_mode iwlmvm
[    4.135257] iwlwifi 0000:02:00.0: Detected Intel(R) Dual Band Wireless AC 8265, REV=0x230
[    4.143992] iwlwifi 0000:02:00.0: Applying debug destination EXTERNAL_DRAM
[    4.145051] iwlwifi 0000:02:00.0: Allocated 0x00400000 bytes for firmware monitor.
[    4.158045] dell_laptop: Using i8042 filter function for receiving events
[    4.198208] iwlwifi 0000:02:00.0: base HW address: e4:70:b8:7b:a7:e6
[    4.273970] ieee80211 phy0: Selected rate control algorithm 'iwl-mvm-rs'
[    4.274295] thermal thermal_zone8: failed to read out thermal zone (-61)
[    4.392526] intel_rapl_common: Found RAPL domain package
[    4.392527] intel_rapl_common: Found RAPL domain core
[    4.392528] intel_rapl_common: Found RAPL domain uncore
[    4.392529] intel_rapl_common: Found RAPL domain dram
[    4.412009] mei_hdcp 0000:00:16.0-b638ab7e-94e2-4ea2-a552-d1c54b627f04: bound 0000:00:02.0 (ops i915_hdcp_component_ops [i915])
[    4.460931] snd_hda_intel 0000:00:1f.3: bound 0000:00:02.0 (ops i915_audio_component_bind_ops [i915])
[    4.475699] iwlwifi 0000:02:00.0 wlp2s0: renamed from wlan0
[    4.530041] snd_hda_codec_realtek hdaudioC0D0: autoconfig for ALC3246: line_outs=1 (0x14/0x0/0x0/0x0/0x0) type:speaker
[    4.530044] snd_hda_codec_realtek hdaudioC0D0:    speaker_outs=0 (0x0/0x0/0x0/0x0/0x0)
[    4.530046] snd_hda_codec_realtek hdaudioC0D0:    hp_outs=1 (0x21/0x0/0x0/0x0/0x0)
[    4.530047] snd_hda_codec_realtek hdaudioC0D0:    mono: mono_out=0x0
[    4.530048] snd_hda_codec_realtek hdaudioC0D0:    inputs:
[    4.530050] snd_hda_codec_realtek hdaudioC0D0:      Headset Mic=0x19
[    4.530051] snd_hda_codec_realtek hdaudioC0D0:      Headphone Mic=0x1a
[    4.530053] snd_hda_codec_realtek hdaudioC0D0:      Internal Mic=0x12
[    4.589092] input: HDA Intel PCH Headphone Mic as /devices/pci0000:00/0000:00:1f.3/sound/card0/input11
[    4.589157] input: HDA Intel PCH HDMI/DP,pcm=3 as /devices/pci0000:00/0000:00:1f.3/sound/card0/input12
[    4.589207] input: HDA Intel PCH HDMI/DP,pcm=7 as /devices/pci0000:00/0000:00:1f.3/sound/card0/input13
[    4.589254] input: HDA Intel PCH HDMI/DP,pcm=8 as /devices/pci0000:00/0000:00:1f.3/sound/card0/input14
[    4.589304] input: HDA Intel PCH HDMI/DP,pcm=9 as /devices/pci0000:00/0000:00:1f.3/sound/card0/input15
[    4.589353] input: HDA Intel PCH HDMI/DP,pcm=10 as /devices/pci0000:00/0000:00:1f.3/sound/card0/input16
[    5.065740] Adding 4003836k swap on /dev/sda2.  Priority:-2 extents:1 across:4003836k SSFS
[    5.098474] EXT4-fs (sda3): mounted filesystem with ordered data mode. Opts: (null)
[    5.149305] audit: type=1400 audit(1664228444.847:2): apparmor="STATUS" operation="profile_load" profile="unconfined" name="libreoffice-senddoc" pid=806 comm="apparmor_parser"
[    5.150376] audit: type=1400 audit(1664228444.851:3): apparmor="STATUS" operation="profile_load" profile="unconfined" name="/usr/lib/snapd/snap-confine" pid=807 comm="apparmor_parser"
[    5.150379] audit: type=1400 audit(1664228444.851:4): apparmor="STATUS" operation="profile_load" profile="unconfined" name="/usr/lib/snapd/snap-confine//mount-namespace-capture-helper" pid=807 comm="apparmor_parser"
[    5.155070] audit: type=1400 audit(1664228444.855:5): apparmor="STATUS" operation="profile_load" profile="unconfined" name="/usr/lib/NetworkManager/nm-dhcp-client.action" pid=805 comm="apparmor_parser"
[    5.155074] audit: type=1400 audit(1664228444.855:6): apparmor="STATUS" operation="profile_load" profile="unconfined" name="/usr/lib/NetworkManager/nm-dhcp-helper" pid=805 comm="apparmor_parser"
[    5.155076] audit: type=1400 audit(1664228444.855:7): apparmor="STATUS" operation="profile_load" profile="unconfined" name="/usr/lib/connman/scripts/dhclient-script" pid=805 comm="apparmor_parser"
[    5.155077] audit: type=1400 audit(1664228444.855:8): apparmor="STATUS" operation="profile_load" profile="unconfined" name="/{,usr/}sbin/dhclient" pid=805 comm="apparmor_parser"
[    5.161162] audit: type=1400 audit(1664228444.859:9): apparmor="STATUS" operation="profile_load" profile="unconfined" name="/usr/sbin/tcpdump" pid=811 comm="apparmor_parser"
[    5.161873] audit: type=1400 audit(1664228444.863:10): apparmor="STATUS" operation="profile_load" profile="unconfined" name="nvidia_modprobe" pid=810 comm="apparmor_parser"
[    5.161876] audit: type=1400 audit(1664228444.863:11): apparmor="STATUS" operation="profile_load" profile="unconfined" name="nvidia_modprobe//kmod" pid=810 comm="apparmor_parser"
[    5.582228] mc: Linux media interface: v0.10
[    5.670587] videodev: Linux video capture interface: v2.00
[    6.034406] uvcvideo: Found UVC 1.00 device Integrated_Webcam_HD (0bda:58c7)
[    6.041109] input: Integrated_Webcam_HD: Integrate as /devices/pci0000:00/0000:00:14.0/usb1/1-5/1-5:1.0/input/input17
[    6.041886] uvcvideo: Found UVC 1.00 device Integrated_Webcam_HD (0bda:58c7)
[    6.043835] input: Integrated_Webcam_HD: Integrate as /devices/pci0000:00/0000:00:14.0/usb1/1-5/1-5:1.2/input/input18
[    6.043920] usbcore: registered new interface driver uvcvideo
[    6.043921] USB Video Class driver (1.1.1)
[    6.191358] iwlwifi 0000:02:00.0: Applying debug destination EXTERNAL_DRAM
[    6.328366] iwlwifi 0000:02:00.0: Applying debug destination EXTERNAL_DRAM
[    6.395778] iwlwifi 0000:02:00.0: FW already configured (0) - re-configuring
[    9.957254] wlp2s0: authenticate with a4:05:d6:08:8d:66
[    9.968812] wlp2s0: send auth to a4:05:d6:08:8d:66 (try 1/3)
[    9.975135] wlp2s0: authenticated
[    9.977647] wlp2s0: associate with a4:05:d6:08:8d:66 (try 1/3)
[    9.980247] wlp2s0: RX AssocResp from a4:05:d6:08:8d:66 (capab=0x1511 status=0 aid=2)
[    9.982887] wlp2s0: associated
[   10.030306] IPv6: ADDRCONF(NETDEV_CHANGE): wlp2s0: link becomes ready
[   10.099527] wlp2s0: Limiting TX power to 23 (23 - 0) dBm as advertised by a4:05:d6:08:8d:66
[   12.265749] vboxdrv: loading out-of-tree module taints kernel.
[   12.265970] vboxdrv: module verification failed: signature and/or required key missing - tainting kernel
[   12.274465] vboxdrv: Found 4 processor cores
[   12.294330] vboxdrv: TSC mode is Invariant, tentative frequency 2711949763 Hz
[   12.294333] vboxdrv: Successfully loaded version 6.1.34_Ubuntu r150636 (interface 0x00320000)
[   12.339543] VBoxNetFlt: Successfully started.
[   12.365225] VBoxNetAdp: Successfully started.
[   17.229952] kauditd_printk_skb: 24 callbacks suppressed
[   17.229954] audit: type=1400 audit(1664228456.931:36): apparmor="DENIED" operation="capable" profile="/snap/snapd/16778/usr/lib/snapd/snap-confine" pid=1887 comm="snap-confine" capability=4  capname="fsetid"
[   17.504677] dell_wmi: Unknown WMI event type 0x12
[   25.596197] audit: type=1400 audit(1664228465.295:37): apparmor="DENIED" operation="open" profile="snap.emote.emote" name="/proc/1887/mounts" pid=1887 comm="python3" requested_mask="r" denied_mask="r" fsuid=1000 ouid=1000
[  115.165176] [UFW BLOCK] IN=wlp2s0 OUT= MAC=01:00:5e:00:00:01:a4:05:d6:08:8d:67:08:00 SRC=192.168.0.1 DST=224.0.0.1 LEN=36 TOS=0x00 PREC=0xC0 TTL=1 ID=59403 PROTO=2 
[  240.194595] [UFW BLOCK] IN=wlp2s0 OUT= MAC=01:00:5e:00:00:01:a4:05:d6:08:8d:67:08:00 SRC=192.168.0.1 DST=224.0.0.1 LEN=36 TOS=0x00 PREC=0xC0 TTL=1 ID=59411 PROTO=2 
[  365.226271] [UFW BLOCK] IN=wlp2s0 OUT= MAC=01:00:5e:00:00:01:a4:05:d6:08:8d:67:08:00 SRC=192.168.0.1 DST=224.0.0.1 LEN=36 TOS=0x00 PREC=0xC0 TTL=1 ID=59419 PROTO=2 
[  490.152896] [UFW BLOCK] IN=wlp2s0 OUT= MAC=01:00:5e:00:00:01:a4:05:d6:08:8d:67:08:00 SRC=192.168.0.1 DST=224.0.0.1 LEN=36 TOS=0x00 PREC=0xC0 TTL=1 ID=59427 PROTO=2 
[  615.185995] [UFW BLOCK] IN=wlp2s0 OUT= MAC=01:00:5e:00:00:01:a4:05:d6:08:8d:67:08:00 SRC=192.168.0.1 DST=224.0.0.1 LEN=36 TOS=0x00 PREC=0xC0 TTL=1 ID=59435 PROTO=2 
[  740.215008] [UFW BLOCK] IN=wlp2s0 OUT= MAC=01:00:5e:00:00:01:a4:05:d6:08:8d:67:08:00 SRC=192.168.0.1 DST=224.0.0.1 LEN=36 TOS=0x00 PREC=0xC0 TTL=1 ID=59443 PROTO=2 
[  865.143156] [UFW BLOCK] IN=wlp2s0 OUT= MAC=01:00:5e:00:00:01:a4:05:d6:08:8d:67:08:00 SRC=192.168.0.1 DST=224.0.0.1 LEN=36 TOS=0x00 PREC=0xC0 TTL=1 ID=59451 PROTO=2 
[  990.175182] [UFW BLOCK] IN=wlp2s0 OUT= MAC=01:00:5e:00:00:01:a4:05:d6:08:8d:67:08:00 SRC=192.168.0.1 DST=224.0.0.1 LEN=36 TOS=0x00 PREC=0xC0 TTL=1 ID=59459 PROTO=2 
[ 1115.206622] [UFW BLOCK] IN=wlp2s0 OUT= MAC=01:00:5e:00:00:01:a4:05:d6:08:8d:67:08:00 SRC=192.168.0.1 DST=224.0.0.1 LEN=36 TOS=0x00 PREC=0xC0 TTL=1 ID=59467 PROTO=2 
[ 1240.134621] [UFW BLOCK] IN=wlp2s0 OUT= MAC=01:00:5e:00:00:01:a4:05:d6:08:8d:67:08:00 SRC=192.168.0.1 DST=224.0.0.1 LEN=36 TOS=0x00 PREC=0xC0 TTL=1 ID=59475 PROTO=2 
[ 1365.166317] [UFW BLOCK] IN=wlp2s0 OUT= MAC=01:00:5e:00:00:01:a4:05:d6:08:8d:67:08:00 SRC=192.168.0.1 DST=224.0.0.1 LEN=36 TOS=0x00 PREC=0xC0 TTL=1 ID=59483 PROTO=2 
[ 1490.095772] [UFW BLOCK] IN=wlp2s0 OUT= MAC=01:00:5e:00:00:01:a4:05:d6:08:8d:67:08:00 SRC=192.168.0.1 DST=224.0.0.1 LEN=36 TOS=0x00 PREC=0xC0 TTL=1 ID=59491 PROTO=2 
[ 1615.229800] [UFW BLOCK] IN=wlp2s0 OUT= MAC=01:00:5e:00:00:01:a4:05:d6:08:8d:67:08:00 SRC=192.168.0.1 DST=224.0.0.1 LEN=36 TOS=0x00 PREC=0xC0 TTL=1 ID=59499 PROTO=2 
[ 1740.157787] [UFW BLOCK] IN=wlp2s0 OUT= MAC=01:00:5e:00:00:01:a4:05:d6:08:8d:67:08:00 SRC=192.168.0.1 DST=224.0.0.1 LEN=36 TOS=0x00 PREC=0xC0 TTL=1 ID=59507 PROTO=2 
[ 1865.086828] [UFW BLOCK] IN=wlp2s0 OUT= MAC=01:00:5e:00:00:01:a4:05:d6:08:8d:67:08:00 SRC=192.168.0.1 DST=224.0.0.1 LEN=36 TOS=0x00 PREC=0xC0 TTL=1 ID=59515 PROTO=2 
[ 1990.120021] [UFW BLOCK] IN=wlp2s0 OUT= MAC=01:00:5e:00:00:01:a4:05:d6:08:8d:67:08:00 SRC=192.168.0.1 DST=224.0.0.1 LEN=36 TOS=0x00 PREC=0xC0 TTL=1 ID=59523 PROTO=2 
[ 2115.149326] [UFW BLOCK] IN=wlp2s0 OUT= MAC=01:00:5e:00:00:01:a4:05:d6:08:8d:67:08:00 SRC=192.168.0.1 DST=224.0.0.1 LEN=36 TOS=0x00 PREC=0xC0 TTL=1 ID=59531 PROTO=2 
[ 2240.078141] [UFW BLOCK] IN=wlp2s0 OUT= MAC=01:00:5e:00:00:01:a4:05:d6:08:8d:67:08:00 SRC=192.168.0.1 DST=224.0.0.1 LEN=36 TOS=0x00 PREC=0xC0 TTL=1 ID=59539 PROTO=2 
[ 2365.109565] [UFW BLOCK] IN=wlp2s0 OUT= MAC=01:00:5e:00:00:01:a4:05:d6:08:8d:67:08:00 SRC=192.168.0.1 DST=224.0.0.1 LEN=36 TOS=0x00 PREC=0xC0 TTL=1 ID=59547 PROTO=2 
[ 2490.140990] [UFW BLOCK] IN=wlp2s0 OUT= MAC=01:00:5e:00:00:01:a4:05:d6:08:8d:67:08:00 SRC=192.168.0.1 DST=224.0.0.1 LEN=36 TOS=0x00 PREC=0xC0 TTL=1 ID=59555 PROTO=2 
[ 2740.101852] [UFW BLOCK] IN=wlp2s0 OUT= MAC=01:00:5e:00:00:01:a4:05:d6:08:8d:67:08:00 SRC=192.168.0.1 DST=224.0.0.1 LEN=36 TOS=0x00 PREC=0xC0 TTL=1 ID=59571 PROTO=2 
[ 2865.133165] [UFW BLOCK] IN=wlp2s0 OUT= MAC=01:00:5e:00:00:01:a4:05:d6:08:8d:67:08:00 SRC=192.168.0.1 DST=224.0.0.1 LEN=36 TOS=0x00 PREC=0xC0 TTL=1 ID=59579 PROTO=2 
[ 2990.062455] [UFW BLOCK] IN=wlp2s0 OUT= MAC=01:00:5e:00:00:01:a4:05:d6:08:8d:67:08:00 SRC=192.168.0.1 DST=224.0.0.1 LEN=36 TOS=0x00 PREC=0xC0 TTL=1 ID=59587 PROTO=2 
[ 3365.053931] [UFW BLOCK] IN=wlp2s0 OUT= MAC=01:00:5e:00:00:01:a4:05:d6:08:8d:67:08:00 SRC=192.168.0.1 DST=224.0.0.1 LEN=36 TOS=0x00 PREC=0xC0 TTL=1 ID=59611 PROTO=2 
[ 3490.086377] [UFW BLOCK] IN=wlp2s0 OUT= MAC=01:00:5e:00:00:01:a4:05:d6:08:8d:67:08:00 SRC=192.168.0.1 DST=224.0.0.1 LEN=36 TOS=0x00 PREC=0xC0 TTL=1 ID=59619 PROTO=2 
[ 3615.118415] [UFW BLOCK] IN=wlp2s0 OUT= MAC=01:00:5e:00:00:01:a4:05:d6:08:8d:67:08:00 SRC=192.168.0.1 DST=224.0.0.1 LEN=36 TOS=0x00 PREC=0xC0 TTL=1 ID=59627 PROTO=2 
[ 3740.045198] [UFW BLOCK] IN=wlp2s0 OUT= MAC=01:00:5e:00:00:01:a4:05:d6:08:8d:67:08:00 SRC=192.168.0.1 DST=224.0.0.1 LEN=36 TOS=0x00 PREC=0xC0 TTL=1 ID=59635 PROTO=2 
[ 3865.075419] [UFW BLOCK] IN=wlp2s0 OUT= MAC=01:00:5e:00:00:01:a4:05:d6:08:8d:67:08:00 SRC=192.168.0.1 DST=224.0.0.1 LEN=36 TOS=0x00 PREC=0xC0 TTL=1 ID=59643 PROTO=2 
[ 3990.105918] [UFW BLOCK] IN=wlp2s0 OUT= MAC=01:00:5e:00:00:01:a4:05:d6:08:8d:67:08:00 SRC=192.168.0.1 DST=224.0.0.1 LEN=36 TOS=0x00 PREC=0xC0 TTL=1 ID=59651 PROTO=2 
[ 4115.034813] [UFW BLOCK] IN=wlp2s0 OUT= MAC=01:00:5e:00:00:01:a4:05:d6:08:8d:67:08:00 SRC=192.168.0.1 DST=224.0.0.1 LEN=36 TOS=0x00 PREC=0xC0 TTL=1 ID=59659 PROTO=2 
[ 4240.066730] [UFW BLOCK] IN=wlp2s0 OUT= MAC=01:00:5e:00:00:01:a4:05:d6:08:8d:67:08:00 SRC=192.168.0.1 DST=224.0.0.1 LEN=36 TOS=0x00 PREC=0xC0 TTL=1 ID=59667 PROTO=2 
[ 4365.097268] [UFW BLOCK] IN=wlp2s0 OUT= MAC=01:00:5e:00:00:01:a4:05:d6:08:8d:67:08:00 SRC=192.168.0.1 DST=224.0.0.1 LEN=36 TOS=0x00 PREC=0xC0 TTL=1 ID=59675 PROTO=2 
[ 4490.026994] [UFW BLOCK] IN=wlp2s0 OUT= MAC=01:00:5e:00:00:01:a4:05:d6:08:8d:67:08:00 SRC=192.168.0.1 DST=224.0.0.1 LEN=36 TOS=0x00 PREC=0xC0 TTL=1 ID=59683 PROTO=2 
[ 4615.057659] [UFW BLOCK] IN=wlp2s0 OUT= MAC=01:00:5e:00:00:01:a4:05:d6:08:8d:67:08:00 SRC=192.168.0.1 DST=224.0.0.1 LEN=36 TOS=0x00 PREC=0xC0 TTL=1 ID=59691 PROTO=2 
[ 4740.090076] [UFW BLOCK] IN=wlp2s0 OUT= MAC=01:00:5e:00:00:01:a4:05:d6:08:8d:67:08:00 SRC=192.168.0.1 DST=224.0.0.1 LEN=36 TOS=0x00 PREC=0xC0 TTL=1 ID=59699 PROTO=2 
[ 4865.018051] [UFW BLOCK] IN=wlp2s0 OUT= MAC=01:00:5e:00:00:01:a4:05:d6:08:8d:67:08:00 SRC=192.168.0.1 DST=224.0.0.1 LEN=36 TOS=0x00 PREC=0xC0 TTL=1 ID=59707 PROTO=2 
[ 4990.049345] [UFW BLOCK] IN=wlp2s0 OUT= MAC=01:00:5e:00:00:01:a4:05:d6:08:8d:67:08:00 SRC=192.168.0.1 DST=224.0.0.1 LEN=36 TOS=0x00 PREC=0xC0 TTL=1 ID=59715 PROTO=2 
[ 5115.080549] [UFW BLOCK] IN=wlp2s0 OUT= MAC=01:00:5e:00:00:01:a4:05:d6:08:8d:67:08:00 SRC=192.168.0.1 DST=224.0.0.1 LEN=36 TOS=0x00 PREC=0xC0 TTL=1 ID=59723 PROTO=2 
[ 5240.009802] [UFW BLOCK] IN=wlp2s0 OUT= MAC=01:00:5e:00:00:01:a4:05:d6:08:8d:67:08:00 SRC=192.168.0.1 DST=224.0.0.1 LEN=36 TOS=0x00 PREC=0xC0 TTL=1 ID=59731 PROTO=2 
[ 5365.041263] [UFW BLOCK] IN=wlp2s0 OUT= MAC=01:00:5e:00:00:01:a4:05:d6:08:8d:67:08:00 SRC=192.168.0.1 DST=224.0.0.1 LEN=36 TOS=0x00 PREC=0xC0 TTL=1 ID=59739 PROTO=2 
[ 5490.072135] [UFW BLOCK] IN=wlp2s0 OUT= MAC=01:00:5e:00:00:01:a4:05:d6:08:8d:67:08:00 SRC=192.168.0.1 DST=224.0.0.1 LEN=36 TOS=0x00 PREC=0xC0 TTL=1 ID=59747 PROTO=2 
[ 5615.002132] [UFW BLOCK] IN=wlp2s0 OUT= MAC=01:00:5e:00:00:01:a4:05:d6:08:8d:67:08:00 SRC=192.168.0.1 DST=224.0.0.1 LEN=36 TOS=0x00 PREC=0xC0 TTL=1 ID=59755 PROTO=2 
[ 5740.033827] [UFW BLOCK] IN=wlp2s0 OUT= MAC=01:00:5e:00:00:01:a4:05:d6:08:8d:67:08:00 SRC=192.168.0.1 DST=224.0.0.1 LEN=36 TOS=0x00 PREC=0xC0 TTL=1 ID=59763 PROTO=2 
[ 5865.064641] [UFW BLOCK] IN=wlp2s0 OUT= MAC=01:00:5e:00:00:01:a4:05:d6:08:8d:67:08:00 SRC=192.168.0.1 DST=224.0.0.1 LEN=36 TOS=0x00 PREC=0xC0 TTL=1 ID=59771 PROTO=2 
[ 5989.993890] [UFW BLOCK] IN=wlp2s0 OUT= MAC=01:00:5e:00:00:01:a4:05:d6:08:8d:67:08:00 SRC=192.168.0.1 DST=224.0.0.1 LEN=36 TOS=0x00 PREC=0xC0 TTL=1 ID=59779 PROTO=2 
[ 6115.024474] [UFW BLOCK] IN=wlp2s0 OUT= MAC=01:00:5e:00:00:01:a4:05:d6:08:8d:67:08:00 SRC=192.168.0.1 DST=224.0.0.1 LEN=36 TOS=0x00 PREC=0xC0 TTL=1 ID=59787 PROTO=2 
[ 6240.056483] [UFW BLOCK] IN=wlp2s0 OUT= MAC=01:00:5e:00:00:01:a4:05:d6:08:8d:67:08:00 SRC=192.168.0.1 DST=224.0.0.1 LEN=36 TOS=0x00 PREC=0xC0 TTL=1 ID=59795 PROTO=2 
[ 6364.986437] [UFW BLOCK] IN=wlp2s0 OUT= MAC=01:00:5e:00:00:01:a4:05:d6:08:8d:67:08:00 SRC=192.168.0.1 DST=224.0.0.1 LEN=36 TOS=0x00 PREC=0xC0 TTL=1 ID=59803 PROTO=2 
[ 6490.018266] [UFW BLOCK] IN=wlp2s0 OUT= MAC=01:00:5e:00:00:01:a4:05:d6:08:8d:67:08:00 SRC=192.168.0.1 DST=224.0.0.1 LEN=36 TOS=0x00 PREC=0xC0 TTL=1 ID=59811 PROTO=2 
[ 6615.048532] [UFW BLOCK] IN=wlp2s0 OUT= MAC=01:00:5e:00:00:01:a4:05:d6:08:8d:67:08:00 SRC=192.168.0.1 DST=224.0.0.1 LEN=36 TOS=0x00 PREC=0xC0 TTL=1 ID=59819 PROTO=2 
[ 6739.978462] [UFW BLOCK] IN=wlp2s0 OUT= MAC=01:00:5e:00:00:01:a4:05:d6:08:8d:67:08:00 SRC=192.168.0.1 DST=224.0.0.1 LEN=36 TOS=0x00 PREC=0xC0 TTL=1 ID=59827 PROTO=2 
[ 6865.009032] [UFW BLOCK] IN=wlp2s0 OUT= MAC=01:00:5e:00:00:01:a4:05:d6:08:8d:67:08:00 SRC=192.168.0.1 DST=224.0.0.1 LEN=36 TOS=0x00 PREC=0xC0 TTL=1 ID=59835 PROTO=2 
[ 6990.041578] [UFW BLOCK] IN=wlp2s0 OUT= MAC=01:00:5e:00:00:01:a4:05:d6:08:8d:67:08:00 SRC=192.168.0.1 DST=224.0.0.1 LEN=36 TOS=0x00 PREC=0xC0 TTL=1 ID=59843 PROTO=2 
[ 7114.969920] [UFW BLOCK] IN=wlp2s0 OUT= MAC=01:00:5e:00:00:01:a4:05:d6:08:8d:67:08:00 SRC=192.168.0.1 DST=224.0.0.1 LEN=36 TOS=0x00 PREC=0xC0 TTL=1 ID=59851 PROTO=2 
[ 7240.001803] [UFW BLOCK] IN=wlp2s0 OUT= MAC=01:00:5e:00:00:01:a4:05:d6:08:8d:67:08:00 SRC=192.168.0.1 DST=224.0.0.1 LEN=36 TOS=0x00 PREC=0xC0 TTL=1 ID=59859 PROTO=2 
[ 7365.033550] [UFW BLOCK] IN=wlp2s0 OUT= MAC=01:00:5e:00:00:01:a4:05:d6:08:8d:67:08:00 SRC=192.168.0.1 DST=224.0.0.1 LEN=36 TOS=0x00 PREC=0xC0 TTL=1 ID=59867 PROTO=2 
[ 7489.963828] [UFW BLOCK] IN=wlp2s0 OUT= MAC=01:00:5e:00:00:01:a4:05:d6:08:8d:67:08:00 SRC=192.168.0.1 DST=224.0.0.1 LEN=36 TOS=0x00 PREC=0xC0 TTL=1 ID=59875 PROTO=2 
[ 7614.995591] [UFW BLOCK] IN=wlp2s0 OUT= MAC=01:00:5e:00:00:01:a4:05:d6:08:8d:67:08:00 SRC=192.168.0.1 DST=224.0.0.1 LEN=36 TOS=0x00 PREC=0xC0 TTL=1 ID=59883 PROTO=2 
[ 7739.923706] [UFW BLOCK] IN=wlp2s0 OUT= MAC=01:00:5e:00:00:01:a4:05:d6:08:8d:67:08:00 SRC=192.168.0.1 DST=224.0.0.1 LEN=36 TOS=0x00 PREC=0xC0 TTL=1 ID=59891 PROTO=2 
[ 7856.177442] wlp2s0: deauthenticated from a4:05:d6:08:8d:66 (Reason: 6=CLASS2_FRAME_FROM_NONAUTH_STA)
[ 7894.125446] wlp2s0: authenticate with a4:05:d6:08:8d:66
[ 7894.134792] wlp2s0: send auth to a4:05:d6:08:8d:66 (try 1/3)
[ 7894.137386] wlp2s0: authenticated
[ 7894.141562] wlp2s0: associate with a4:05:d6:08:8d:66 (try 1/3)
[ 7894.145409] wlp2s0: RX AssocResp from a4:05:d6:08:8d:66 (capab=0x1511 status=0 aid=2)
[ 7894.146530] wlp2s0: associated
[ 7894.159339] wlp2s0: Limiting TX power to 23 (23 - 0) dBm as advertised by a4:05:d6:08:8d:66
[ 7894.175517] IPv6: ADDRCONF(NETDEV_CHANGE): wlp2s0: link becomes ready
[ 7894.994532] wlp2s0: deauthenticated from a4:05:d6:08:8d:66 (Reason: 6=CLASS2_FRAME_FROM_NONAUTH_STA)
[ 7895.062315] wlp2s0: authenticate with a4:05:d6:08:8d:66
[ 7895.070556] wlp2s0: send auth to a4:05:d6:08:8d:66 (try 1/3)
[ 7895.173554] wlp2s0: send auth to a4:05:d6:08:8d:66 (try 2/3)
[ 7895.279628] wlp2s0: send auth to a4:05:d6:08:8d:66 (try 3/3)
[ 7895.381552] wlp2s0: authentication with a4:05:d6:08:8d:66 timed out
[ 7896.428111] wlp2s0: authenticate with a4:05:d6:08:8d:65
[ 7896.437247] wlp2s0: send auth to a4:05:d6:08:8d:65 (try 1/3)
[ 7896.527027] wlp2s0: send auth to a4:05:d6:08:8d:65 (try 2/3)
[ 7896.615361] wlp2s0: send auth to a4:05:d6:08:8d:65 (try 3/3)
[ 7896.681192] wlp2s0: authentication with a4:05:d6:08:8d:65 timed out
[ 7938.039441] wlp2s0: authenticate with a4:05:d6:08:8d:66
[ 7938.048892] wlp2s0: send auth to a4:05:d6:08:8d:66 (try 1/3)
[ 7938.056018] wlp2s0: authenticated
[ 7938.057005] wlp2s0: associate with a4:05:d6:08:8d:66 (try 1/3)
[ 7938.060037] wlp2s0: RX AssocResp from a4:05:d6:08:8d:66 (capab=0x1511 status=0 aid=2)
[ 7938.061201] wlp2s0: associated
[ 7938.089651] wlp2s0: Limiting TX power to 23 (23 - 0) dBm as advertised by a4:05:d6:08:8d:66
[ 7938.091819] IPv6: ADDRCONF(NETDEV_CHANGE): wlp2s0: link becomes ready
[ 7963.491948] [UFW BLOCK] IN=wlp2s0 OUT= MAC=e4:70:b8:7b:a7:e6:a4:05:d6:08:8d:67:08:00 SRC=62.252.188.253 DST=192.168.0.12 LEN=83 TOS=0x00 PREC=0x00 TTL=59 ID=1619 DF PROTO=TCP SPT=443 DPT=36650 WINDOW=506 RES=0x00 ACK PSH URGP=0 
[ 7967.174763] [UFW BLOCK] IN=wlp2s0 OUT= MAC=e4:70:b8:7b:a7:e6:a4:05:d6:08:8d:67:08:00 SRC=62.252.188.253 DST=192.168.0.12 LEN=83 TOS=0x00 PREC=0x00 TTL=59 ID=1625 DF PROTO=TCP SPT=443 DPT=36650 WINDOW=506 RES=0x00 ACK PSH FIN URGP=0 
[ 7978.234119] [UFW BLOCK] IN=wlp2s0 OUT= MAC=e4:70:b8:7b:a7:e6:a4:05:d6:08:8d:67:08:00 SRC=62.252.188.253 DST=192.168.0.12 LEN=83 TOS=0x00 PREC=0x00 TTL=59 ID=1627 DF PROTO=TCP SPT=443 DPT=36650 WINDOW=506 RES=0x00 ACK PSH FIN URGP=0 
[ 7990.006374] [UFW BLOCK] IN=wlp2s0 OUT= MAC=01:00:5e:00:00:01:a4:05:d6:08:8d:67:08:00 SRC=192.168.0.1 DST=224.0.0.1 LEN=36 TOS=0x00 PREC=0xC0 TTL=1 ID=59907 PROTO=2 
[ 8114.935342] [UFW BLOCK] IN=wlp2s0 OUT= MAC=01:00:5e:00:00:01:a4:05:d6:08:8d:67:08:00 SRC=192.168.0.1 DST=224.0.0.1 LEN=36 TOS=0x00 PREC=0xC0 TTL=1 ID=59915 PROTO=2 
[ 8239.967194] [UFW BLOCK] IN=wlp2s0 OUT= MAC=01:00:5e:00:00:01:a4:05:d6:08:8d:67:08:00 SRC=192.168.0.1 DST=224.0.0.1 LEN=36 TOS=0x00 PREC=0xC0 TTL=1 ID=59923 PROTO=2 
[ 8364.998409] [UFW BLOCK] IN=wlp2s0 OUT= MAC=01:00:5e:00:00:01:a4:05:d6:08:8d:67:08:00 SRC=192.168.0.1 DST=224.0.0.1 LEN=36 TOS=0x00 PREC=0xC0 TTL=1 ID=59931 PROTO=2 
[ 8489.928740] [UFW BLOCK] IN=wlp2s0 OUT= MAC=01:00:5e:00:00:01:a4:05:d6:08:8d:67:08:00 SRC=192.168.0.1 DST=224.0.0.1 LEN=36 TOS=0x00 PREC=0xC0 TTL=1 ID=59939 PROTO=2 
[ 8495.765307] [UFW BLOCK] IN=wlp2s0 OUT= MAC=01:00:5e:00:00:fb:a4:05:d6:08:8d:67:08:00 SRC=192.168.0.1 DST=224.0.0.251 LEN=36 TOS=0x00 PREC=0xC0 TTL=1 ID=14114 PROTO=2 
[ 8614.959105] [UFW BLOCK] IN=wlp2s0 OUT= MAC=01:00:5e:00:00:01:a4:05:d6:08:8d:67:08:00 SRC=192.168.0.1 DST=224.0.0.1 LEN=36 TOS=0x00 PREC=0xC0 TTL=1 ID=59947 PROTO=2 
[ 8739.990644] [UFW BLOCK] IN=wlp2s0 OUT= MAC=01:00:5e:00:00:01:a4:05:d6:08:8d:67:08:00 SRC=192.168.0.1 DST=224.0.0.1 LEN=36 TOS=0x00 PREC=0xC0 TTL=1 ID=59955 PROTO=2 
[ 8752.381151] [UFW BLOCK] IN=wlp2s0 OUT= MAC=01:00:5e:00:00:fb:a4:05:d6:08:8d:67:08:00 SRC=192.168.0.1 DST=224.0.0.251 LEN=36 TOS=0x00 PREC=0xC0 TTL=1 ID=14115 PROTO=2 
[ 8864.919645] [UFW BLOCK] IN=wlp2s0 OUT= MAC=01:00:5e:00:00:01:a4:05:d6:08:8d:67:08:00 SRC=192.168.0.1 DST=224.0.0.1 LEN=36 TOS=0x00 PREC=0xC0 TTL=1 ID=59963 PROTO=2 
[ 8989.950811] [UFW BLOCK] IN=wlp2s0 OUT= MAC=01:00:5e:00:00:01:a4:05:d6:08:8d:67:08:00 SRC=192.168.0.1 DST=224.0.0.1 LEN=36 TOS=0x00 PREC=0xC0 TTL=1 ID=59971 PROTO=2 
[ 9239.911167] [UFW BLOCK] IN=wlp2s0 OUT= MAC=01:00:5e:00:00:01:a4:05:d6:08:8d:67:08:00 SRC=192.168.0.1 DST=224.0.0.1 LEN=36 TOS=0x00 PREC=0xC0 TTL=1 ID=59987 PROTO=2 
[ 9364.943650] [UFW BLOCK] IN=wlp2s0 OUT= MAC=01:00:5e:00:00:01:a4:05:d6:08:8d:67:08:00 SRC=192.168.0.1 DST=224.0.0.1 LEN=36 TOS=0x00 PREC=0xC0 TTL=1 ID=59995 PROTO=2 
[ 9489.975003] [UFW BLOCK] IN=wlp2s0 OUT= MAC=01:00:5e:00:00:01:a4:05:d6:08:8d:67:08:00 SRC=192.168.0.1 DST=224.0.0.1 LEN=36 TOS=0x00 PREC=0xC0 TTL=1 ID=60003 PROTO=2 
[ 9614.902523] [UFW BLOCK] IN=wlp2s0 OUT= MAC=01:00:5e:00:00:01:a4:05:d6:08:8d:67:08:00 SRC=192.168.0.1 DST=224.0.0.1 LEN=36 TOS=0x00 PREC=0xC0 TTL=1 ID=60011 PROTO=2 
[ 9661.494546] [UFW BLOCK] IN=wlp2s0 OUT= MAC=01:00:5e:00:00:fb:a4:05:d6:08:8d:67:08:00 SRC=192.168.0.1 DST=224.0.0.251 LEN=36 TOS=0x00 PREC=0xC0 TTL=1 ID=63675 PROTO=2 
[ 9739.934151] [UFW BLOCK] IN=wlp2s0 OUT= MAC=01:00:5e:00:00:01:a4:05:d6:08:8d:67:08:00 SRC=192.168.0.1 DST=224.0.0.1 LEN=36 TOS=0x00 PREC=0xC0 TTL=1 ID=60019 PROTO=2 
[ 9864.964071] [UFW BLOCK] IN=wlp2s0 OUT= MAC=01:00:5e:00:00:01:a4:05:d6:08:8d:67:08:00 SRC=192.168.0.1 DST=224.0.0.1 LEN=36 TOS=0x00 PREC=0xC0 TTL=1 ID=60027 PROTO=2 
[ 9989.892192] [UFW BLOCK] IN=wlp2s0 OUT= MAC=01:00:5e:00:00:01:a4:05:d6:08:8d:67:08:00 SRC=192.168.0.1 DST=224.0.0.1 LEN=36 TOS=0x00 PREC=0xC0 TTL=1 ID=60035 PROTO=2 
[10114.923698] [UFW BLOCK] IN=wlp2s0 OUT= MAC=01:00:5e:00:00:01:a4:05:d6:08:8d:67:08:00 SRC=192.168.0.1 DST=224.0.0.1 LEN=36 TOS=0x00 PREC=0xC0 TTL=1 ID=60043 PROTO=2 
[10239.954872] [UFW BLOCK] IN=wlp2s0 OUT= MAC=01:00:5e:00:00:01:a4:05:d6:08:8d:67:08:00 SRC=192.168.0.1 DST=224.0.0.1 LEN=36 TOS=0x00 PREC=0xC0 TTL=1 ID=60051 PROTO=2 
[10364.883675] [UFW BLOCK] IN=wlp2s0 OUT= MAC=01:00:5e:00:00:01:a4:05:d6:08:8d:67:08:00 SRC=192.168.0.1 DST=224.0.0.1 LEN=36 TOS=0x00 PREC=0xC0 TTL=1 ID=60059 PROTO=2 
[10489.913011] [UFW BLOCK] IN=wlp2s0 OUT= MAC=01:00:5e:00:00:01:a4:05:d6:08:8d:67:08:00 SRC=192.168.0.1 DST=224.0.0.1 LEN=36 TOS=0x00 PREC=0xC0 TTL=1 ID=60067 PROTO=2 
[10614.842294] [UFW BLOCK] IN=wlp2s0 OUT= MAC=01:00:5e:00:00:01:a4:05:d6:08:8d:67:08:00 SRC=192.168.0.1 DST=224.0.0.1 LEN=36 TOS=0x00 PREC=0xC0 TTL=1 ID=60075 PROTO=2 
[10739.872171] [UFW BLOCK] IN=wlp2s0 OUT= MAC=01:00:5e:00:00:01:a4:05:d6:08:8d:67:08:00 SRC=192.168.0.1 DST=224.0.0.1 LEN=36 TOS=0x00 PREC=0xC0 TTL=1 ID=60083 PROTO=2 
[10864.902908] [UFW BLOCK] IN=wlp2s0 OUT= MAC=01:00:5e:00:00:01:a4:05:d6:08:8d:67:08:00 SRC=192.168.0.1 DST=224.0.0.1 LEN=36 TOS=0x00 PREC=0xC0 TTL=1 ID=60091 PROTO=2 
[10989.831249] [UFW BLOCK] IN=wlp2s0 OUT= MAC=01:00:5e:00:00:01:a4:05:d6:08:8d:67:08:00 SRC=192.168.0.1 DST=224.0.0.1 LEN=36 TOS=0x00 PREC=0xC0 TTL=1 ID=60099 PROTO=2 
[11114.861687] [UFW BLOCK] IN=wlp2s0 OUT= MAC=01:00:5e:00:00:01:a4:05:d6:08:8d:67:08:00 SRC=192.168.0.1 DST=224.0.0.1 LEN=36 TOS=0x00 PREC=0xC0 TTL=1 ID=60107 PROTO=2 
[11239.893931] [UFW BLOCK] IN=wlp2s0 OUT= MAC=01:00:5e:00:00:01:a4:05:d6:08:8d:67:08:00 SRC=192.168.0.1 DST=224.0.0.1 LEN=36 TOS=0x00 PREC=0xC0 TTL=1 ID=60115 PROTO=2 
[11364.821428] [UFW BLOCK] IN=wlp2s0 OUT= MAC=01:00:5e:00:00:01:a4:05:d6:08:8d:67:08:00 SRC=192.168.0.1 DST=224.0.0.1 LEN=36 TOS=0x00 PREC=0xC0 TTL=1 ID=60123 PROTO=2 
[11489.852037] [UFW BLOCK] IN=wlp2s0 OUT= MAC=01:00:5e:00:00:01:a4:05:d6:08:8d:67:08:00 SRC=192.168.0.1 DST=224.0.0.1 LEN=36 TOS=0x00 PREC=0xC0 TTL=1 ID=60131 PROTO=2 
[11614.882818] [UFW BLOCK] IN=wlp2s0 OUT= MAC=01:00:5e:00:00:01:a4:05:d6:08:8d:67:08:00 SRC=192.168.0.1 DST=224.0.0.1 LEN=36 TOS=0x00 PREC=0xC0 TTL=1 ID=60139 PROTO=2 
[11739.812208] [UFW BLOCK] IN=wlp2s0 OUT= MAC=01:00:5e:00:00:01:a4:05:d6:08:8d:67:08:00 SRC=192.168.0.1 DST=224.0.0.1 LEN=36 TOS=0x00 PREC=0xC0 TTL=1 ID=60147 PROTO=2 
[11989.874042] [UFW BLOCK] IN=wlp2s0 OUT= MAC=01:00:5e:00:00:01:a4:05:d6:08:8d:67:08:00 SRC=192.168.0.1 DST=224.0.0.1 LEN=36 TOS=0x00 PREC=0xC0 TTL=1 ID=60163 PROTO=2 
[12114.801474] [UFW BLOCK] IN=wlp2s0 OUT= MAC=01:00:5e:00:00:01:a4:05:d6:08:8d:67:08:00 SRC=192.168.0.1 DST=224.0.0.1 LEN=36 TOS=0x00 PREC=0xC0 TTL=1 ID=60171 PROTO=2 
[12239.833573] [UFW BLOCK] IN=wlp2s0 OUT= MAC=01:00:5e:00:00:01:a4:05:d6:08:8d:67:08:00 SRC=192.168.0.1 DST=224.0.0.1 LEN=36 TOS=0x00 PREC=0xC0 TTL=1 ID=60179 PROTO=2 
[12364.864289] [UFW BLOCK] IN=wlp2s0 OUT= MAC=01:00:5e:00:00:01:a4:05:d6:08:8d:67:08:00 SRC=192.168.0.1 DST=224.0.0.1 LEN=36 TOS=0x00 PREC=0xC0 TTL=1 ID=60187 PROTO=2 
[12489.792947] [UFW BLOCK] IN=wlp2s0 OUT= MAC=01:00:5e:00:00:01:a4:05:d6:08:8d:67:08:00 SRC=192.168.0.1 DST=224.0.0.1 LEN=36 TOS=0x00 PREC=0xC0 TTL=1 ID=60195 PROTO=2 
[12614.823619] [UFW BLOCK] IN=wlp2s0 OUT= MAC=01:00:5e:00:00:01:a4:05:d6:08:8d:67:08:00 SRC=192.168.0.1 DST=224.0.0.1 LEN=36 TOS=0x00 PREC=0xC0 TTL=1 ID=60203 PROTO=2 
[12739.853782] [UFW BLOCK] IN=wlp2s0 OUT= MAC=01:00:5e:00:00:01:a4:05:d6:08:8d:67:08:00 SRC=192.168.0.1 DST=224.0.0.1 LEN=36 TOS=0x00 PREC=0xC0 TTL=1 ID=60211 PROTO=2 
[12864.782144] [UFW BLOCK] IN=wlp2s0 OUT= MAC=01:00:5e:00:00:01:a4:05:d6:08:8d:67:08:00 SRC=192.168.0.1 DST=224.0.0.1 LEN=36 TOS=0x00 PREC=0xC0 TTL=1 ID=60219 PROTO=2 
[12989.813471] [UFW BLOCK] IN=wlp2s0 OUT= MAC=01:00:5e:00:00:01:a4:05:d6:08:8d:67:08:00 SRC=192.168.0.1 DST=224.0.0.1 LEN=36 TOS=0x00 PREC=0xC0 TTL=1 ID=60227 PROTO=2 
[13114.759071] [UFW BLOCK] IN=wlp2s0 OUT= MAC=01:00:5e:00:00:01:a4:05:d6:08:8d:67:08:00 SRC=192.168.0.1 DST=224.0.0.1 LEN=36 TOS=0x00 PREC=0xC0 TTL=1 ID=60235 PROTO=2 
[13239.773099] [UFW BLOCK] IN=wlp2s0 OUT= MAC=01:00:5e:00:00:01:a4:05:d6:08:8d:67:08:00 SRC=192.168.0.1 DST=224.0.0.1 LEN=36 TOS=0x00 PREC=0xC0 TTL=1 ID=60243 PROTO=2 
[13364.804567] [UFW BLOCK] IN=wlp2s0 OUT= MAC=01:00:5e:00:00:01:a4:05:d6:08:8d:67:08:00 SRC=192.168.0.1 DST=224.0.0.1 LEN=36 TOS=0x00 PREC=0xC0 TTL=1 ID=60251 PROTO=2 
[13489.835049] [UFW BLOCK] IN=wlp2s0 OUT= MAC=01:00:5e:00:00:01:a4:05:d6:08:8d:67:08:00 SRC=192.168.0.1 DST=224.0.0.1 LEN=36 TOS=0x00 PREC=0xC0 TTL=1 ID=60259 PROTO=2 
[13614.763765] [UFW BLOCK] IN=wlp2s0 OUT= MAC=01:00:5e:00:00:01:a4:05:d6:08:8d:67:08:00 SRC=192.168.0.1 DST=224.0.0.1 LEN=36 TOS=0x00 PREC=0xC0 TTL=1 ID=60267 PROTO=2 
[13739.794701] [UFW BLOCK] IN=wlp2s0 OUT= MAC=01:00:5e:00:00:01:a4:05:d6:08:8d:67:08:00 SRC=192.168.0.1 DST=224.0.0.1 LEN=36 TOS=0x00 PREC=0xC0 TTL=1 ID=60275 PROTO=2 
[13864.825553] [UFW BLOCK] IN=wlp2s0 OUT= MAC=01:00:5e:00:00:01:a4:05:d6:08:8d:67:08:00 SRC=192.168.0.1 DST=224.0.0.1 LEN=36 TOS=0x00 PREC=0xC0 TTL=1 ID=60283 PROTO=2 
[13989.754865] [UFW BLOCK] IN=wlp2s0 OUT= MAC=01:00:5e:00:00:01:a4:05:d6:08:8d:67:08:00 SRC=192.168.0.1 DST=224.0.0.1 LEN=36 TOS=0x00 PREC=0xC0 TTL=1 ID=60291 PROTO=2 
[14239.816275] [UFW BLOCK] IN=wlp2s0 OUT= MAC=01:00:5e:00:00:01:a4:05:d6:08:8d:67:08:00 SRC=192.168.0.1 DST=224.0.0.1 LEN=36 TOS=0x00 PREC=0xC0 TTL=1 ID=60307 PROTO=2 
[14364.744927] [UFW BLOCK] IN=wlp2s0 OUT= MAC=01:00:5e:00:00:01:a4:05:d6:08:8d:67:08:00 SRC=192.168.0.1 DST=224.0.0.1 LEN=36 TOS=0x00 PREC=0xC0 TTL=1 ID=60315 PROTO=2 
[14489.775877] [UFW BLOCK] IN=wlp2s0 OUT= MAC=01:00:5e:00:00:01:a4:05:d6:08:8d:67:08:00 SRC=192.168.0.1 DST=224.0.0.1 LEN=36 TOS=0x00 PREC=0xC0 TTL=1 ID=60323 PROTO=2 
[14614.807175] [UFW BLOCK] IN=wlp2s0 OUT= MAC=01:00:5e:00:00:01:a4:05:d6:08:8d:67:08:00 SRC=192.168.0.1 DST=224.0.0.1 LEN=36 TOS=0x00 PREC=0xC0 TTL=1 ID=60331 PROTO=2 
[14739.735415] [UFW BLOCK] IN=wlp2s0 OUT= MAC=01:00:5e:00:00:01:a4:05:d6:08:8d:67:08:00 SRC=192.168.0.1 DST=224.0.0.1 LEN=36 TOS=0x00 PREC=0xC0 TTL=1 ID=60339 PROTO=2 
[14989.797966] [UFW BLOCK] IN=wlp2s0 OUT= MAC=01:00:5e:00:00:01:a4:05:d6:08:8d:67:08:00 SRC=192.168.0.1 DST=224.0.0.1 LEN=36 TOS=0x00 PREC=0xC0 TTL=1 ID=60355 PROTO=2 
[15114.726613] [UFW BLOCK] IN=wlp2s0 OUT= MAC=01:00:5e:00:00:01:a4:05:d6:08:8d:67:08:00 SRC=192.168.0.1 DST=224.0.0.1 LEN=36 TOS=0x00 PREC=0xC0 TTL=1 ID=60363 PROTO=2 
[15239.758637] [UFW BLOCK] IN=wlp2s0 OUT= MAC=01:00:5e:00:00:01:a4:05:d6:08:8d:67:08:00 SRC=192.168.0.1 DST=224.0.0.1 LEN=36 TOS=0x00 PREC=0xC0 TTL=1 ID=60371 PROTO=2 
[15364.789911] [UFW BLOCK] IN=wlp2s0 OUT= MAC=01:00:5e:00:00:01:a4:05:d6:08:8d:67:08:00 SRC=192.168.0.1 DST=224.0.0.1 LEN=36 TOS=0x00 PREC=0xC0 TTL=1 ID=60379 PROTO=2 
[15489.718191] [UFW BLOCK] IN=wlp2s0 OUT= MAC=01:00:5e:00:00:01:a4:05:d6:08:8d:67:08:00 SRC=192.168.0.1 DST=224.0.0.1 LEN=36 TOS=0x00 PREC=0xC0 TTL=1 ID=60387 PROTO=2 
[15614.748790] [UFW BLOCK] IN=wlp2s0 OUT= MAC=01:00:5e:00:00:01:a4:05:d6:08:8d:67:08:00 SRC=192.168.0.1 DST=224.0.0.1 LEN=36 TOS=0x00 PREC=0xC0 TTL=1 ID=60395 PROTO=2 
[15739.781117] [UFW BLOCK] IN=wlp2s0 OUT= MAC=01:00:5e:00:00:01:a4:05:d6:08:8d:67:08:00 SRC=192.168.0.1 DST=224.0.0.1 LEN=36 TOS=0x00 PREC=0xC0 TTL=1 ID=60403 PROTO=2 
[15864.708654] [UFW BLOCK] IN=wlp2s0 OUT= MAC=01:00:5e:00:00:01:a4:05:d6:08:8d:67:08:00 SRC=192.168.0.1 DST=224.0.0.1 LEN=36 TOS=0x00 PREC=0xC0 TTL=1 ID=60411 PROTO=2 
[15989.740095] [UFW BLOCK] IN=wlp2s0 OUT= MAC=01:00:5e:00:00:01:a4:05:d6:08:8d:67:08:00 SRC=192.168.0.1 DST=224.0.0.1 LEN=36 TOS=0x00 PREC=0xC0 TTL=1 ID=60419 PROTO=2 
[16114.771396] [UFW BLOCK] IN=wlp2s0 OUT= MAC=01:00:5e:00:00:01:a4:05:d6:08:8d:67:08:00 SRC=192.168.0.1 DST=224.0.0.1 LEN=36 TOS=0x00 PREC=0xC0 TTL=1 ID=60427 PROTO=2 
[16115.181813] [UFW BLOCK] IN=wlp2s0 OUT= MAC=01:00:5e:00:00:fb:a4:05:d6:08:8d:67:08:00 SRC=192.168.0.1 DST=224.0.0.251 LEN=36 TOS=0x00 PREC=0xC0 TTL=1 ID=53500 PROTO=2 
[16239.701314] [UFW BLOCK] IN=wlp2s0 OUT= MAC=01:00:5e:00:00:01:a4:05:d6:08:8d:67:08:00 SRC=192.168.0.1 DST=224.0.0.1 LEN=36 TOS=0x00 PREC=0xC0 TTL=1 ID=60435 PROTO=2 
[16364.732002] [UFW BLOCK] IN=wlp2s0 OUT= MAC=01:00:5e:00:00:01:a4:05:d6:08:8d:67:08:00 SRC=192.168.0.1 DST=224.0.0.1 LEN=36 TOS=0x00 PREC=0xC0 TTL=1 ID=60443 PROTO=2 
[16489.763007] [UFW BLOCK] IN=wlp2s0 OUT= MAC=01:00:5e:00:00:01:a4:05:d6:08:8d:67:08:00 SRC=192.168.0.1 DST=224.0.0.1 LEN=36 TOS=0x00 PREC=0xC0 TTL=1 ID=60451 PROTO=2 
[16614.690500] [UFW BLOCK] IN=wlp2s0 OUT= MAC=01:00:5e:00:00:01:a4:05:d6:08:8d:67:08:00 SRC=192.168.0.1 DST=224.0.0.1 LEN=36 TOS=0x00 PREC=0xC0 TTL=1 ID=60459 PROTO=2 
[16739.721257] [UFW BLOCK] IN=wlp2s0 OUT= MAC=01:00:5e:00:00:01:a4:05:d6:08:8d:67:08:00 SRC=192.168.0.1 DST=224.0.0.1 LEN=36 TOS=0x00 PREC=0xC0 TTL=1 ID=60467 PROTO=2 
[16864.754730] [UFW BLOCK] IN=wlp2s0 OUT= MAC=01:00:5e:00:00:01:a4:05:d6:08:8d:67:08:00 SRC=192.168.0.1 DST=224.0.0.1 LEN=36 TOS=0x00 PREC=0xC0 TTL=1 ID=60475 PROTO=2 
[16989.680560] [UFW BLOCK] IN=wlp2s0 OUT= MAC=01:00:5e:00:00:01:a4:05:d6:08:8d:67:08:00 SRC=192.168.0.1 DST=224.0.0.1 LEN=36 TOS=0x00 PREC=0xC0 TTL=1 ID=60483 PROTO=2 
[17114.714280] [UFW BLOCK] IN=wlp2s0 OUT= MAC=01:00:5e:00:00:01:a4:05:d6:08:8d:67:08:00 SRC=192.168.0.1 DST=224.0.0.1 LEN=36 TOS=0x00 PREC=0xC0 TTL=1 ID=60491 PROTO=2 
[17239.742716] [UFW BLOCK] IN=wlp2s0 OUT= MAC=01:00:5e:00:00:01:a4:05:d6:08:8d:67:08:00 SRC=192.168.0.1 DST=224.0.0.1 LEN=36 TOS=0x00 PREC=0xC0 TTL=1 ID=60499 PROTO=2 
[17364.671998] [UFW BLOCK] IN=wlp2s0 OUT= MAC=01:00:5e:00:00:01:a4:05:d6:08:8d:67:08:00 SRC=192.168.0.1 DST=224.0.0.1 LEN=36 TOS=0x00 PREC=0xC0 TTL=1 ID=60507 PROTO=2 
[17489.702922] [UFW BLOCK] IN=wlp2s0 OUT= MAC=01:00:5e:00:00:01:a4:05:d6:08:8d:67:08:00 SRC=192.168.0.1 DST=224.0.0.1 LEN=36 TOS=0x00 PREC=0xC0 TTL=1 ID=60515 PROTO=2 
[17614.734130] [UFW BLOCK] IN=wlp2s0 OUT= MAC=01:00:5e:00:00:01:a4:05:d6:08:8d:67:08:00 SRC=192.168.0.1 DST=224.0.0.1 LEN=36 TOS=0x00 PREC=0xC0 TTL=1 ID=60523 PROTO=2 
[17864.693374] [UFW BLOCK] IN=wlp2s0 OUT= MAC=01:00:5e:00:00:01:a4:05:d6:08:8d:67:08:00 SRC=192.168.0.1 DST=224.0.0.1 LEN=36 TOS=0x00 PREC=0xC0 TTL=1 ID=60539 PROTO=2 
[17989.724160] [UFW BLOCK] IN=wlp2s0 OUT= MAC=01:00:5e:00:00:01:a4:05:d6:08:8d:67:08:00 SRC=192.168.0.1 DST=224.0.0.1 LEN=36 TOS=0x00 PREC=0xC0 TTL=1 ID=60547 PROTO=2 
[18114.653662] [UFW BLOCK] IN=wlp2s0 OUT= MAC=01:00:5e:00:00:01:a4:05:d6:08:8d:67:08:00 SRC=192.168.0.1 DST=224.0.0.1 LEN=36 TOS=0x00 PREC=0xC0 TTL=1 ID=60555 PROTO=2 
[18239.683642] [UFW BLOCK] IN=wlp2s0 OUT= MAC=01:00:5e:00:00:01:a4:05:d6:08:8d:67:08:00 SRC=192.168.0.1 DST=224.0.0.1 LEN=36 TOS=0x00 PREC=0xC0 TTL=1 ID=60563 PROTO=2 
[18489.643976] [UFW BLOCK] IN=wlp2s0 OUT= MAC=01:00:5e:00:00:01:a4:05:d6:08:8d:67:08:00 SRC=192.168.0.1 DST=224.0.0.1 LEN=36 TOS=0x00 PREC=0xC0 TTL=1 ID=60579 PROTO=2 
[18614.676442] [UFW BLOCK] IN=wlp2s0 OUT= MAC=01:00:5e:00:00:01:a4:05:d6:08:8d:67:08:00 SRC=192.168.0.1 DST=224.0.0.1 LEN=36 TOS=0x00 PREC=0xC0 TTL=1 ID=60587 PROTO=2 
[18739.707982] [UFW BLOCK] IN=wlp2s0 OUT= MAC=01:00:5e:00:00:01:a4:05:d6:08:8d:67:08:00 SRC=192.168.0.1 DST=224.0.0.1 LEN=36 TOS=0x00 PREC=0xC0 TTL=1 ID=60595 PROTO=2 
[18864.637256] [UFW BLOCK] IN=wlp2s0 OUT= MAC=01:00:5e:00:00:01:a4:05:d6:08:8d:67:08:00 SRC=192.168.0.1 DST=224.0.0.1 LEN=36 TOS=0x00 PREC=0xC0 TTL=1 ID=60603 PROTO=2 
[18989.668769] [UFW BLOCK] IN=wlp2s0 OUT= MAC=01:00:5e:00:00:01:a4:05:d6:08:8d:67:08:00 SRC=192.168.0.1 DST=224.0.0.1 LEN=36 TOS=0x00 PREC=0xC0 TTL=1 ID=60611 PROTO=2 
[19114.698988] [UFW BLOCK] IN=wlp2s0 OUT= MAC=01:00:5e:00:00:01:a4:05:d6:08:8d:67:08:00 SRC=192.168.0.1 DST=224.0.0.1 LEN=36 TOS=0x00 PREC=0xC0 TTL=1 ID=60619 PROTO=2 
[19239.628152] [UFW BLOCK] IN=wlp2s0 OUT= MAC=01:00:5e:00:00:01:a4:05:d6:08:8d:67:08:00 SRC=192.168.0.1 DST=224.0.0.1 LEN=36 TOS=0x00 PREC=0xC0 TTL=1 ID=60627 PROTO=2 
[19364.659217] [UFW BLOCK] IN=wlp2s0 OUT= MAC=01:00:5e:00:00:01:a4:05:d6:08:8d:67:08:00 SRC=192.168.0.1 DST=224.0.0.1 LEN=36 TOS=0x00 PREC=0xC0 TTL=1 ID=60635 PROTO=2 
[19489.690870] [UFW BLOCK] IN=wlp2s0 OUT= MAC=01:00:5e:00:00:01:a4:05:d6:08:8d:67:08:00 SRC=192.168.0.1 DST=224.0.0.1 LEN=36 TOS=0x00 PREC=0xC0 TTL=1 ID=60643 PROTO=2 
[19492.455505] [UFW BLOCK] IN=wlp2s0 OUT= MAC=01:00:5e:00:00:fb:a4:05:d6:08:8d:67:08:00 SRC=192.168.0.1 DST=224.0.0.251 LEN=36 TOS=0x00 PREC=0xC0 TTL=1 ID=53501 PROTO=2 
[19614.619983] [UFW BLOCK] IN=wlp2s0 OUT= MAC=01:00:5e:00:00:01:a4:05:d6:08:8d:67:08:00 SRC=192.168.0.1 DST=224.0.0.1 LEN=36 TOS=0x00 PREC=0xC0 TTL=1 ID=60651 PROTO=2 
[19739.651494] [UFW BLOCK] IN=wlp2s0 OUT= MAC=01:00:5e:00:00:01:a4:05:d6:08:8d:67:08:00 SRC=192.168.0.1 DST=224.0.0.1 LEN=36 TOS=0x00 PREC=0xC0 TTL=1 ID=60659 PROTO=2 
[19864.682935] [UFW BLOCK] IN=wlp2s0 OUT= MAC=01:00:5e:00:00:01:a4:05:d6:08:8d:67:08:00 SRC=192.168.0.1 DST=224.0.0.1 LEN=36 TOS=0x00 PREC=0xC0 TTL=1 ID=60667 PROTO=2 
[19989.611948] [UFW BLOCK] IN=wlp2s0 OUT= MAC=01:00:5e:00:00:01:a4:05:d6:08:8d:67:08:00 SRC=192.168.0.1 DST=224.0.0.1 LEN=36 TOS=0x00 PREC=0xC0 TTL=1 ID=60675 PROTO=2 
[20114.644298] [UFW BLOCK] IN=wlp2s0 OUT= MAC=01:00:5e:00:00:01:a4:05:d6:08:8d:67:08:00 SRC=192.168.0.1 DST=224.0.0.1 LEN=36 TOS=0x00 PREC=0xC0 TTL=1 ID=60683 PROTO=2 
[20239.572686] [UFW BLOCK] IN=wlp2s0 OUT= MAC=01:00:5e:00:00:01:a4:05:d6:08:8d:67:08:00 SRC=192.168.0.1 DST=224.0.0.1 LEN=36 TOS=0x00 PREC=0xC0 TTL=1 ID=60691 PROTO=2 
[20364.605486] [UFW BLOCK] IN=wlp2s0 OUT= MAC=01:00:5e:00:00:01:a4:05:d6:08:8d:67:08:00 SRC=192.168.0.1 DST=224.0.0.1 LEN=36 TOS=0x00 PREC=0xC0 TTL=1 ID=60699 PROTO=2 
[20489.635814] [UFW BLOCK] IN=wlp2s0 OUT= MAC=01:00:5e:00:00:01:a4:05:d6:08:8d:67:08:00 SRC=192.168.0.1 DST=224.0.0.1 LEN=36 TOS=0x00 PREC=0xC0 TTL=1 ID=60707 PROTO=2 
[20614.564965] [UFW BLOCK] IN=wlp2s0 OUT= MAC=01:00:5e:00:00:01:a4:05:d6:08:8d:67:08:00 SRC=192.168.0.1 DST=224.0.0.1 LEN=36 TOS=0x00 PREC=0xC0 TTL=1 ID=60715 PROTO=2 
[20615.282453] [UFW BLOCK] IN=wlp2s0 OUT= MAC=01:00:5e:00:00:fb:a4:05:d6:08:8d:67:08:00 SRC=192.168.0.1 DST=224.0.0.251 LEN=36 TOS=0x00 PREC=0xC0 TTL=1 ID=50929 PROTO=2 
[20739.596752] [UFW BLOCK] IN=wlp2s0 OUT= MAC=01:00:5e:00:00:01:a4:05:d6:08:8d:67:08:00 SRC=192.168.0.1 DST=224.0.0.1 LEN=36 TOS=0x00 PREC=0xC0 TTL=1 ID=60723 PROTO=2 
[20864.626656] [UFW BLOCK] IN=wlp2s0 OUT= MAC=01:00:5e:00:00:01:a4:05:d6:08:8d:67:08:00 SRC=192.168.0.1 DST=224.0.0.1 LEN=36 TOS=0x00 PREC=0xC0 TTL=1 ID=60731 PROTO=2 
[20989.555113] [UFW BLOCK] IN=wlp2s0 OUT= MAC=01:00:5e:00:00:01:a4:05:d6:08:8d:67:08:00 SRC=192.168.0.1 DST=224.0.0.1 LEN=36 TOS=0x00 PREC=0xC0 TTL=1 ID=60739 PROTO=2 
[21114.585904] [UFW BLOCK] IN=wlp2s0 OUT= MAC=01:00:5e:00:00:01:a4:05:d6:08:8d:67:08:00 SRC=192.168.0.1 DST=224.0.0.1 LEN=36 TOS=0x00 PREC=0xC0 TTL=1 ID=60747 PROTO=2 
[21239.617387] [UFW BLOCK] IN=wlp2s0 OUT= MAC=01:00:5e:00:00:01:a4:05:d6:08:8d:67:08:00 SRC=192.168.0.1 DST=224.0.0.1 LEN=36 TOS=0x00 PREC=0xC0 TTL=1 ID=60755 PROTO=2 
[21364.545938] [UFW BLOCK] IN=wlp2s0 OUT= MAC=01:00:5e:00:00:01:a4:05:d6:08:8d:67:08:00 SRC=192.168.0.1 DST=224.0.0.1 LEN=36 TOS=0x00 PREC=0xC0 TTL=1 ID=60763 PROTO=2 
[21489.576723] [UFW BLOCK] IN=wlp2s0 OUT= MAC=01:00:5e:00:00:01:a4:05:d6:08:8d:67:08:00 SRC=192.168.0.1 DST=224.0.0.1 LEN=36 TOS=0x00 PREC=0xC0 TTL=1 ID=60771 PROTO=2 
[21614.608464] [UFW BLOCK] IN=wlp2s0 OUT= MAC=01:00:5e:00:00:01:a4:05:d6:08:8d:67:08:00 SRC=192.168.0.1 DST=224.0.0.1 LEN=36 TOS=0x00 PREC=0xC0 TTL=1 ID=60779 PROTO=2 
[21739.536363] [UFW BLOCK] IN=wlp2s0 OUT= MAC=01:00:5e:00:00:01:a4:05:d6:08:8d:67:08:00 SRC=192.168.0.1 DST=224.0.0.1 LEN=36 TOS=0x00 PREC=0xC0 TTL=1 ID=60787 PROTO=2 
[21864.567451] [UFW BLOCK] IN=wlp2s0 OUT= MAC=01:00:5e:00:00:01:a4:05:d6:08:8d:67:08:00 SRC=192.168.0.1 DST=224.0.0.1 LEN=36 TOS=0x00 PREC=0xC0 TTL=1 ID=60795 PROTO=2 
[21989.598589] [UFW BLOCK] IN=wlp2s0 OUT= MAC=01:00:5e:00:00:01:a4:05:d6:08:8d:67:08:00 SRC=192.168.0.1 DST=224.0.0.1 LEN=36 TOS=0x00 PREC=0xC0 TTL=1 ID=60803 PROTO=2 
[22114.528578] [UFW BLOCK] IN=wlp2s0 OUT= MAC=01:00:5e:00:00:01:a4:05:d6:08:8d:67:08:00 SRC=192.168.0.1 DST=224.0.0.1 LEN=36 TOS=0x00 PREC=0xC0 TTL=1 ID=60811 PROTO=2 
[22126.982496] e1000e: enp0s31f6 NIC Link is Down
[22127.029723] wlp2s0: deauthenticating from a4:05:d6:08:8d:66 by local choice (Reason: 3=DEAUTH_LEAVING)
[22127.582058] PM: suspend entry (deep)
[22127.589073] Filesystems sync: 0.007 seconds
[22127.591033] Freezing user space processes ... (elapsed 0.004 seconds) done.
[22127.595192] OOM killer disabled.
[22127.595193] Freezing remaining freezable tasks ... (elapsed 0.001 seconds) done.
[22127.596825] printk: Suspending console(s) (use no_console_suspend to debug)
[22127.615291] sd 2:0:0:0: [sda] Synchronizing SCSI cache
[22127.616436] sd 2:0:0:0: [sda] Stopping disk
[22127.712507] e1000e: EEE TX LPI TIMER: 00000011
[22128.004160] ACPI: EC: interrupt blocked
[22128.047601] ACPI: Preparing to enter system sleep state S3
[22128.056429] ACPI: EC: event blocked
[22128.056430] ACPI: EC: EC stopped
[22128.056431] PM: Saving platform NVS memory
[22128.056543] Disabling non-boot CPUs ...
[22128.057282] IRQ 128: no longer affine to CPU1
[22128.058294] smpboot: CPU 1 is now offline
[22128.058960] ACPI Error: AE_BAD_PARAMETER, Returned by Handler for [EmbeddedControl] (20190816/evregion-293)
[22128.058980] 
               Initialized Local Variables for Method [ECR1]:
[22128.058981]   Local0: 000000004e95642e <Obj>           Integer 0000000000000000
[22128.058990] Initialized Arguments for Method [ECR1]:  (1 arguments defined for method invocation)
[22128.058991]   Arg0:   00000000d1538296 <Obj>           Integer 000000000000000B
[22128.058999] ACPI Error: Aborting method \_SB.PCI0.LPCB.ECDV.ECR1 due to previous error (AE_BAD_PARAMETER) (20190816/psparse-529)
[22128.059010] ACPI Error: Aborting method \_SB.PCI0.LPCB.ECDV.ECR2 due to previous error (AE_BAD_PARAMETER) (20190816/psparse-529)
[22128.059018] ACPI Error: Aborting method \ECRW due to previous error (AE_BAD_PARAMETER) (20190816/psparse-529)
[22128.059025] ACPI Error: Aborting method \ECGD due to previous error (AE_BAD_PARAMETER) (20190816/psparse-529)
